Archive member included to satisfy reference by file (symbol)

C:\ZYBO\Work-2018.2\APP6-GE\S4e-APP6-Vivado_Etudiant\APP6\APP6.sdk\standalone_bsp_0\microblaze_0\lib\libgloss.a(print.o)
                              ./cyclone_tcp/std_services/echo.o (print)
C:\ZYBO\Work-2018.2\APP6-GE\S4e-APP6-Vivado_Etudiant\APP6\APP6.sdk\standalone_bsp_0\microblaze_0\lib\libgloss.a(_exception_handler.o)
                              d:/xilinx/sdk/2018.2/gnu/microblaze/nt/bin/../lib/gcc/microblaze-xilinx-elf/7.2.0/../../../../microblaze-xilinx-elf/lib/m/le/crt0.o (_exception_handler)
C:\ZYBO\Work-2018.2\APP6-GE\S4e-APP6-Vivado_Etudiant\APP6\APP6.sdk\standalone_bsp_0\microblaze_0\lib\libgloss.a(_program_clean.o)
                              d:/xilinx/sdk/2018.2/gnu/microblaze/nt/bin/../lib/gcc/microblaze-xilinx-elf/7.2.0/../../../../microblaze-xilinx-elf/lib/m/le/crtinit.o (_program_clean)
C:\ZYBO\Work-2018.2\APP6-GE\S4e-APP6-Vivado_Etudiant\APP6\APP6.sdk\standalone_bsp_0\microblaze_0\lib\libgloss.a(_program_init.o)
                              d:/xilinx/sdk/2018.2/gnu/microblaze/nt/bin/../lib/gcc/microblaze-xilinx-elf/7.2.0/../../../../microblaze-xilinx-elf/lib/m/le/crtinit.o (_program_init)
C:\ZYBO\Work-2018.2\APP6-GE\S4e-APP6-Vivado_Etudiant\APP6\APP6.sdk\standalone_bsp_0\microblaze_0\lib\libxil.a(xgpio.o)
                              ./cyclone_tcp/main.o (XGpio_SetDataDirection)
C:\ZYBO\Work-2018.2\APP6-GE\S4e-APP6-Vivado_Etudiant\APP6\APP6.sdk\standalone_bsp_0\microblaze_0\lib\libxil.a(xgpio_sinit.o)
                              ./cyclone_tcp/main.o (XGpio_Initialize)
C:\ZYBO\Work-2018.2\APP6-GE\S4e-APP6-Vivado_Etudiant\APP6\APP6.sdk\standalone_bsp_0\microblaze_0\lib\libxil.a(xintc.o)
                              ./cyclone_tcp/main.o (XIntc_Initialize)
C:\ZYBO\Work-2018.2\APP6-GE\S4e-APP6-Vivado_Etudiant\APP6\APP6.sdk\standalone_bsp_0\microblaze_0\lib\libxil.a(xintc_g.o)
                              C:\ZYBO\Work-2018.2\APP6-GE\S4e-APP6-Vivado_Etudiant\APP6\APP6.sdk\standalone_bsp_0\microblaze_0\lib\libxil.a(xintc.o) (XIntc_ConfigTable)
C:\ZYBO\Work-2018.2\APP6-GE\S4e-APP6-Vivado_Etudiant\APP6\APP6.sdk\standalone_bsp_0\microblaze_0\lib\libxil.a(xintc_intr.o)
                              ./cyclone_tcp/main.o (XIntc_InterruptHandler)
C:\ZYBO\Work-2018.2\APP6-GE\S4e-APP6-Vivado_Etudiant\APP6\APP6.sdk\standalone_bsp_0\microblaze_0\lib\libxil.a(xintc_l.o)
                              C:\ZYBO\Work-2018.2\APP6-GE\S4e-APP6-Vivado_Etudiant\APP6\APP6.sdk\standalone_bsp_0\microblaze_0\lib\libxil.a(xintc_intr.o) (XIntc_DeviceInterruptHandler)
C:\ZYBO\Work-2018.2\APP6-GE\S4e-APP6-Vivado_Etudiant\APP6\APP6.sdk\standalone_bsp_0\microblaze_0\lib\libxil.a(xspi.o)
                              ./cyclone_tcp/spi_driver.o (XSpi_CfgInitialize)
C:\ZYBO\Work-2018.2\APP6-GE\S4e-APP6-Vivado_Etudiant\APP6\APP6.sdk\standalone_bsp_0\microblaze_0\lib\libxil.a(xspi_sinit.o)
                              ./cyclone_tcp/spi_driver.o (XSpi_LookupConfig)
C:\ZYBO\Work-2018.2\APP6-GE\S4e-APP6-Vivado_Etudiant\APP6\APP6.sdk\standalone_bsp_0\microblaze_0\lib\libxil.a(hw_exception_handler.o)
                              d:/xilinx/sdk/2018.2/gnu/microblaze/nt/bin/../lib/gcc/microblaze-xilinx-elf/7.2.0/../../../../microblaze-xilinx-elf/lib/m/le/crt0.o (_hw_exception_handler)
C:\ZYBO\Work-2018.2\APP6-GE\S4e-APP6-Vivado_Etudiant\APP6\APP6.sdk\standalone_bsp_0\microblaze_0\lib\libxil.a(microblaze_interrupt_handler.o)
                              d:/xilinx/sdk/2018.2/gnu/microblaze/nt/bin/../lib/gcc/microblaze-xilinx-elf/7.2.0/../../../../microblaze-xilinx-elf/lib/m/le/crt0.o (_interrupt_handler)
C:\ZYBO\Work-2018.2\APP6-GE\S4e-APP6-Vivado_Etudiant\APP6\APP6.sdk\standalone_bsp_0\microblaze_0\lib\libxil.a(microblaze_interrupts_g.o)
                              C:\ZYBO\Work-2018.2\APP6-GE\S4e-APP6-Vivado_Etudiant\APP6\APP6.sdk\standalone_bsp_0\microblaze_0\lib\libxil.a(microblaze_interrupt_handler.o) (MB_InterruptVectorTable)
C:\ZYBO\Work-2018.2\APP6-GE\S4e-APP6-Vivado_Etudiant\APP6\APP6.sdk\standalone_bsp_0\microblaze_0\lib\libxil.a(outbyte.o)
                              C:\ZYBO\Work-2018.2\APP6-GE\S4e-APP6-Vivado_Etudiant\APP6\APP6.sdk\standalone_bsp_0\microblaze_0\lib\libgloss.a(print.o) (outbyte)
C:\ZYBO\Work-2018.2\APP6-GE\S4e-APP6-Vivado_Etudiant\APP6\APP6.sdk\standalone_bsp_0\microblaze_0\lib\libxil.a(xil_assert.o)
                              C:\ZYBO\Work-2018.2\APP6-GE\S4e-APP6-Vivado_Etudiant\APP6\APP6.sdk\standalone_bsp_0\microblaze_0\lib\libxil.a(xgpio.o) (Xil_Assert)
C:\ZYBO\Work-2018.2\APP6-GE\S4e-APP6-Vivado_Etudiant\APP6\APP6.sdk\standalone_bsp_0\microblaze_0\lib\libxil.a(xil_exception.o)
                              ./cyclone_tcp/main.o (Xil_ExceptionInit)
C:\ZYBO\Work-2018.2\APP6-GE\S4e-APP6-Vivado_Etudiant\APP6\APP6.sdk\standalone_bsp_0\microblaze_0\lib\libxil.a(xil_printf.o)
                              ./cyclone_tcp/main.o (xil_printf)
[...]
Memory Configuration

Name             Origin             Length             Attributes
microblaze_0_local_memory_ilmb_bram_if_cntlr_Mem_microblaze_0_local_memory_dlmb_bram_if_cntlr_Mem 0x00000050         0x0001ffb0
*default*        0x00000000         0xffffffff

Linker script and memory map

LOAD d:/xilinx/sdk/2018.2/gnu/microblaze/nt/bin/../lib/gcc/microblaze-xilinx-elf/7.2.0/../../../../microblaze-xilinx-elf/lib/m/le/crt0.o
LOAD d:/xilinx/sdk/2018.2/gnu/microblaze/nt/bin/../lib/gcc/microblaze-xilinx-elf/7.2.0/m/le/crti.o
LOAD d:/xilinx/sdk/2018.2/gnu/microblaze/nt/bin/../lib/gcc/microblaze-xilinx-elf/7.2.0/m/le/crtbegin.o
LOAD d:/xilinx/sdk/2018.2/gnu/microblaze/nt/bin/../lib/gcc/microblaze-xilinx-elf/7.2.0/../../../../microblaze-xilinx-elf/lib/m/le/crtinit.o
                0x00000800                _STACK_SIZE = DEFINED (_STACK_SIZE)?_STACK_SIZE:0x800
                0x00002000                _HEAP_SIZE = DEFINED (_HEAP_SIZE)?_HEAP_SIZE:0x2000

.vectors.reset  0x00000000        0x8
 *(.vectors.reset)
 .vectors.reset
                0x00000000        0x8 d:/xilinx/sdk/2018.2/gnu/microblaze/nt/bin/../lib/gcc/microblaze-xilinx-elf/7.2.0/../../../../microblaze-xilinx-elf/lib/m/le/crt0.o
                0x00000000                _start

.vectors.sw_exception
                0x00000008        0x8
 *(.vectors.sw_exception)
 .vectors.sw_exception
                0x00000008        0x8 d:/xilinx/sdk/2018.2/gnu/microblaze/nt/bin/../lib/gcc/microblaze-xilinx-elf/7.2.0/../../../../microblaze-xilinx-elf/lib/m/le/crt0.o

.vectors.interrupt
                0x00000010        0x8
 *(.vectors.interrupt)
 .vectors.interrupt
                0x00000010        0x8 d:/xilinx/sdk/2018.2/gnu/microblaze/nt/bin/../lib/gcc/microblaze-xilinx-elf/7.2.0/../../../../microblaze-xilinx-elf/lib/m/le/crt0.o

.vectors.hw_exception
                0x00000020        0x8
 *(.vectors.hw_exception)
 .vectors.hw_exception
                0x00000020        0x8 d:/xilinx/sdk/2018.2/gnu/microblaze/nt/bin/../lib/gcc/microblaze-xilinx-elf/7.2.0/../../../../microblaze-xilinx-elf/lib/m/le/crt0.o

.text           0x00000050    0x1ab5c
 *(.text)
 .text          0x00000050       0x34 d:/xilinx/sdk/2018.2/gnu/microblaze/nt/bin/../lib/gcc/microblaze-xilinx-elf/7.2.0/../../../../microblaze-xilinx-elf/lib/m/le/crt0.o
                0x00000050                _start1
                0x00000080                _exit
 .text          0x00000084      0x244 d:/xilinx/sdk/2018.2/gnu/microblaze/nt/bin/../lib/gcc/microblaze-xilinx-elf/7.2.0/m/le/crtbegin.o
 .text          0x000002c8       0xb0 d:/xilinx/sdk/2018.2/gnu/microblaze/nt/bin/../lib/gcc/microblaze-xilinx-elf/7.2.0/../../../../microblaze-xilinx-elf/lib/m/le/crtinit.o
                0x000002c8                _crtinit
 .text          0x00000378       0x48 C:\ZYBO\Work-2018.2\APP6-GE\S4e-APP6-Vivado_Etudiant\APP6\APP6.sdk\standalone_bsp_0\microblaze_0\lib\libgloss.a(print.o)
                0x00000378                print
 .text          0x000003c0        0x4 C:\ZYBO\Work-2018.2\APP6-GE\S4e-APP6-Vivado_Etudiant\APP6\APP6.sdk\standalone_bsp_0\microblaze_0\lib\libgloss.a(_exception_handler.o)
                0x000003c0                _exception_handler
 .text          0x000003c4        0x8 C:\ZYBO\Work-2018.2\APP6-GE\S4e-APP6-Vivado_Etudiant\APP6\APP6.sdk\standalone_bsp_0\microblaze_0\lib\libgloss.a(_program_clean.o)
                0x000003c4                _program_clean
 .text          0x000003cc        0x8 C:\ZYBO\Work-2018.2\APP6-GE\S4e-APP6-Vivado_Etudiant\APP6\APP6.sdk\standalone_bsp_0\microblaze_0\lib\libgloss.a(_program_init.o)
                0x000003cc                _program_init
 .text          0x000003d4      0x114 C:\ZYBO\Work-2018.2\APP6-GE\S4e-APP6-Vivado_Etudiant\APP6\APP6.sdk\standalone_bsp_0\microblaze_0\lib\libxil.a(hw_exception_handler.o)
                0x000003d4                _hw_exception_handler
 .text          0x000004e8       0x14 C:\ZYBO\Work-2018.2\APP6-GE\S4e-APP6-Vivado_Etudiant\APP6\APP6.sdk\standalone_bsp_0\microblaze_0\lib\libxil.a(microblaze_enable_exceptions.o)
                0x000004e8                microblaze_enable_exceptions
 .text          0x000004fc       0x14 C:\ZYBO\Work-2018.2\APP6-GE\S4e-APP6-Vivado_Etudiant\APP6\APP6.sdk\standalone_bsp_0\microblaze_0\lib\libxil.a(microblaze_enable_interrupts.o)
                0x000004fc                microblaze_enable_interrupts
 .text          0x00000510       0x68 C:\ZYBO\Work-2018.2\APP6-GE\S4e-APP6-Vivado_Etudiant\APP6\APP6.sdk\standalone_bsp_0\microblaze_0\lib\libc.a(lib_a-exit.o)
                0x00000510                exit
 .text          0x00000578       0xe0 C:\ZYBO\Work-2018.2\APP6-GE\S4e-APP6-Vivado_Etudiant\APP6\APP6.sdk\standalone_bsp_0\microblaze_0\lib\libc.a(lib_a-isupper.o)
                0x00000578                isupper
 .text          0x00000658       0x48 C:\ZYBO\Work-2018.2\APP6-GE\S4e-APP6-Vivado_Etudiant\APP6\APP6.sdk\standalone_bsp_0\microblaze_0\lib\libc.a(lib_a-isxdigit.o)
                0x00000658                isxdigit
 .text          0x000006a0       0x94 C:\ZYBO\Work-2018.2\APP6-GE\S4e-APP6-Vivado_Etudiant\APP6\APP6.sdk\standalone_bsp_0\microblaze_0\lib\libc.a(lib_a-malloc.o)
                0x000006a0                malloc
                0x000006e8                free
 .text          0x00000734     0x1578 C:\ZYBO\Work-2018.2\APP6-GE\S4e-APP6-Vivado_Etudiant\APP6\APP6.sdk\standalone_bsp_0\microblaze_0\lib\libc.a(lib_a-mallocr.o)
                0x00000b0c                _malloc_r
 .text          0x00001cac      0x13c C:\ZYBO\Work-2018.2\APP6-GE\S4e-APP6-Vivado_Etudiant\APP6\APP6.sdk\standalone_bsp_0\microblaze_0\lib\libc.a(lib_a-memcmp.o)
                0x00001cac                memcmp
 .text          0x00001de8      0x19c C:\ZYBO\Work-2018.2\APP6-GE\S4e-APP6-Vivado_Etudiant\APP6\APP6.sdk\standalone_bsp_0\microblaze_0\lib\libc.a(lib_a-memcpy.o)
                0x00001de8                memcpy
 .text          0x00001f84      0x1fc C:\ZYBO\Work-2018.2\APP6-GE\S4e-APP6-Vivado_Etudiant\APP6\APP6.sdk\standalone_bsp_0\microblaze_0\lib\libc.a(lib_a-memset.o)
                0x00001f84                memset
 .text          0x00002180       0x50 C:\ZYBO\Work-2018.2\APP6-GE\S4e-APP6-Vivado_Etudiant\APP6\APP6.sdk\standalone_bsp_0\microblaze_0\lib\libc.a(lib_a-mlock.o)
                0x00002180                __malloc_lock
                0x000021a8                __malloc_unlock
 .text          0x000021d0       0x78 C:\ZYBO\Work-2018.2\APP6-GE\S4e-APP6-Vivado_Etudiant\APP6\APP6.sdk\standalone_bsp_0\microblaze_0\lib\libc.a(lib_a-sbrkr.o)
                0x000021d0                _sbrk_r
 .text          0x00002248      0x170 C:\ZYBO\Work-2018.2\APP6-GE\S4e-APP6-Vivado_Etudiant\APP6\APP6.sdk\standalone_bsp_0\microblaze_0\lib\libc.a(lib_a-sprintf.o)
                0x00002248                _sprintf_r
                0x000022fc                sprintf
 .text          0x000023b8       0xb0 C:\ZYBO\Work-2018.2\APP6-GE\S4e-APP6-Vivado_Etudiant\APP6\APP6.sdk\standalone_bsp_0\microblaze_0\lib\libc.a(lib_a-strlen.o)
                0x000023b8                strlen
 .text          0x00002468      0x164 C:\ZYBO\Work-2018.2\APP6-GE\S4e-APP6-Vivado_Etudiant\APP6\APP6.sdk\standalone_bsp_0\microblaze_0\lib\libc.a(lib_a-strncpy.o)
                0x00002468                strncpy
 .text          0x000025cc     0x2fbc C:\ZYBO\Work-2018.2\APP6-GE\S4e-APP6-Vivado_Etudiant\APP6\APP6.sdk\standalone_bsp_0\microblaze_0\lib\libc.a(lib_a-svfprintf.o)
                0x000025cc                _svfprintf_r
 .text          0x00005588      0x23c C:\ZYBO\Work-2018.2\APP6-GE\S4e-APP6-Vivado_Etudiant\APP6\APP6.sdk\standalone_bsp_0\microblaze_0\lib\libc.a(lib_a-__call_atexit.o)
                0x00005588                __call_exitprocs
 .text          0x000057c4     0x26dc C:\ZYBO\Work-2018.2\APP6-GE\S4e-APP6-Vivado_Etudiant\APP6\APP6.sdk\standalone_bsp_0\microblaze_0\lib\libc.a(lib_a-dtoa.o)
                0x00005ec0                _dtoa_r
 .text          0x00007ea0      0xad8 C:\ZYBO\Work-2018.2\APP6-GE\S4e-APP6-Vivado_Etudiant\APP6\APP6.sdk\standalone_bsp_0\microblaze_0\lib\libc.a(lib_a-freer.o)
                0x00007ea0                _free_r
                0x00008764                _malloc_trim_r
 .text          0x00008978      0x1f4 C:\ZYBO\Work-2018.2\APP6-GE\S4e-APP6-Vivado_Etudiant\APP6\APP6.sdk\standalone_bsp_0\microblaze_0\lib\libc.a(lib_a-locale.o)
                0x00008978                _setlocale_r
                0x00008a18                __locale_charset
                0x00008a40                __locale_mb_cur_max
                0x00008a68                __locale_msgcharset
                0x00008a90                __locale_cjk_lang
                0x00008ab8                _localeconv_r
                0x00008ae4                setlocale
                0x00008b30                localeconv
 .text          0x00008b6c      0x1e0 C:\ZYBO\Work-2018.2\APP6-GE\S4e-APP6-Vivado_Etudiant\APP6\APP6.sdk\standalone_bsp_0\microblaze_0\lib\libc.a(lib_a-memchr.o)
                0x00008b6c                memchr
 .text          0x00008d4c     0x24cc C:\ZYBO\Work-2018.2\APP6-GE\S4e-APP6-Vivado_Etudiant\APP6\APP6.sdk\standalone_bsp_0\microblaze_0\lib\libc.a(lib_a-mprec.o)
                0x00008d4c                _Balloc
                0x00008f20                _Bfree
                0x00009014                __multadd
                0x00009288                __s2b
                0x00009430                __hi0bits
                0x000094d8                __lo0bits
                0x0000965c                __i2b
                0x000096bc                __multiply
                0x00009cf0                __pow5mult
                0x00009ef4                __lshift
                0x0000a144                __mcmp
                0x0000a258                __mdiff
                0x0000a6e8                __ulp
                0x0000a848                __b2d
                0x0000ab08                __d2b
                0x0000add0                __ratio
                0x0000aef8                _mprec_log10
                0x0000afb8                __copybits
                0x0000b09c                __any_on
 .text          0x0000b218      0x1dc C:\ZYBO\Work-2018.2\APP6-GE\S4e-APP6-Vivado_Etudiant\APP6\APP6.sdk\standalone_bsp_0\microblaze_0\lib\libc.a(lib_a-s_frexp.o)
                0x0000b218                frexp
 .text          0x0000b3f4      0x128 C:\ZYBO\Work-2018.2\APP6-GE\S4e-APP6-Vivado_Etudiant\APP6\APP6.sdk\standalone_bsp_0\microblaze_0\lib\libc.a(lib_a-strcmp.o)
                0x0000b3f4                strcmp
 .text          0x0000b51c     0x17ac C:\ZYBO\Work-2018.2\APP6-GE\S4e-APP6-Vivado_Etudiant\APP6\APP6.sdk\standalone_bsp_0\microblaze_0\lib\libc.a(lib_a-svfiprintf.o)
                0x0000b51c                __ssprint_r
                0x0000b8bc                _svfiprintf_r
 .text          0x0000ccc8      0x184 C:\ZYBO\Work-2018.2\APP6-GE\S4e-APP6-Vivado_Etudiant\APP6\APP6.sdk\standalone_bsp_0\microblaze_0\lib\libc.a(lib_a-callocr.o)
                0x0000ccc8                _calloc_r
 .text          0x0000ce4c      0x228 C:\ZYBO\Work-2018.2\APP6-GE\S4e-APP6-Vivado_Etudiant\APP6\APP6.sdk\standalone_bsp_0\microblaze_0\lib\libc.a(lib_a-memmove.o)
                0x0000ce4c                memmove
 .text          0x0000d074      0xcc0 C:\ZYBO\Work-2018.2\APP6-GE\S4e-APP6-Vivado_Etudiant\APP6\APP6.sdk\standalone_bsp_0\microblaze_0\lib\libc.a(lib_a-reallocr.o)
                0x0000d074                _realloc_r
 .text          0x0000dd34      0xda8 C:\ZYBO\Work-2018.2\APP6-GE\S4e-APP6-Vivado_Etudiant\APP6\APP6.sdk\standalone_bsp_0\microblaze_0\lib\libgcc.a(_udivdi3.o)
                0x0000dd34                __udivdi3
 .text          0x0000eadc      0xe10 C:\ZYBO\Work-2018.2\APP6-GE\S4e-APP6-Vivado_Etudiant\APP6\APP6.sdk\standalone_bsp_0\microblaze_0\lib\libgcc.a(_umoddi3.o)
                0x0000eadc                __umoddi3
 .text          0x0000f8ec      0x82c C:\ZYBO\Work-2018.2\APP6-GE\S4e-APP6-Vivado_Etudiant\APP6\APP6.sdk\standalone_bsp_0\microblaze_0\lib\libgcc.a(_addsub_df.o)
                0x0001002c                __adddf3
                0x0001009c                __subdf3
 .text          0x00010118      0x670 C:\ZYBO\Work-2018.2\APP6-GE\S4e-APP6-Vivado_Etudiant\APP6\APP6.sdk\standalone_bsp_0\microblaze_0\lib\libgcc.a(_mul_df.o)
                0x00010118                __muldf3
 .text          0x00010788      0x364 C:\ZYBO\Work-2018.2\APP6-GE\S4e-APP6-Vivado_Etudiant\APP6\APP6.sdk\standalone_bsp_0\microblaze_0\lib\libgcc.a(_div_df.o)
                0x00010788                __divdf3
 .text          0x00010aec       0x80 C:\ZYBO\Work-2018.2\APP6-GE\S4e-APP6-Vivado_Etudiant\APP6\APP6.sdk\standalone_bsp_0\microblaze_0\lib\libgcc.a(_eq_df.o)
                0x00010aec                __eqdf2
 .text          0x00010b6c       0x80 C:\ZYBO\Work-2018.2\APP6-GE\S4e-APP6-Vivado_Etudiant\APP6\APP6.sdk\standalone_bsp_0\microblaze_0\lib\libgcc.a(_ne_df.o)
                0x00010b6c                __nedf2
 .text          0x00010bec       0x90 C:\ZYBO\Work-2018.2\APP6-GE\S4e-APP6-Vivado_Etudiant\APP6\APP6.sdk\standalone_bsp_0\microblaze_0\lib\libgcc.a(_gt_df.o)
                0x00010bec                __gtdf2
 .text          0x00010c7c       0x80 C:\ZYBO\Work-2018.2\APP6-GE\S4e-APP6-Vivado_Etudiant\APP6\APP6.sdk\standalone_bsp_0\microblaze_0\lib\libgcc.a(_lt_df.o)
                0x00010c7c                __ltdf2
 .text          0x00010cfc       0x80 C:\ZYBO\Work-2018.2\APP6-GE\S4e-APP6-Vivado_Etudiant\APP6\APP6.sdk\standalone_bsp_0\microblaze_0\lib\libgcc.a(_le_df.o)
                0x00010cfc                __ledf2
 .text          0x00010d7c       0x80 C:\ZYBO\Work-2018.2\APP6-GE\S4e-APP6-Vivado_Etudiant\APP6\APP6.sdk\standalone_bsp_0\microblaze_0\lib\libgcc.a(_unord_df.o)
                0x00010d7c                __unorddf2
 .text          0x00010dfc      0x1b0 C:\ZYBO\Work-2018.2\APP6-GE\S4e-APP6-Vivado_Etudiant\APP6\APP6.sdk\standalone_bsp_0\microblaze_0\lib\libgcc.a(_si_to_df.o)
                0x00010dfc                __floatsidf
 .text          0x00010fac      0x12c C:\ZYBO\Work-2018.2\APP6-GE\S4e-APP6-Vivado_Etudiant\APP6\APP6.sdk\standalone_bsp_0\microblaze_0\lib\libgcc.a(_df_to_si.o)
                0x00010fac                __fixdfsi
 .text          0x000110d8       0xf0 C:\ZYBO\Work-2018.2\APP6-GE\S4e-APP6-Vivado_Etudiant\APP6\APP6.sdk\standalone_bsp_0\microblaze_0\lib\libgcc.a(_usi_to_df.o)
                0x000110d8                __floatunsidf
 .text          0x000111c8       0x9c C:\ZYBO\Work-2018.2\APP6-GE\S4e-APP6-Vivado_Etudiant\APP6\APP6.sdk\standalone_bsp_0\microblaze_0\lib\libgcc.a(divsi3.o)
                0x000111c8                __divsi3
 .text          0x00011264       0x9c C:\ZYBO\Work-2018.2\APP6-GE\S4e-APP6-Vivado_Etudiant\APP6\APP6.sdk\standalone_bsp_0\microblaze_0\lib\libgcc.a(modsi3.o)
                0x00011264                __modsi3
 .text          0x00011300       0xa8 C:\ZYBO\Work-2018.2\APP6-GE\S4e-APP6-Vivado_Etudiant\APP6\APP6.sdk\standalone_bsp_0\microblaze_0\lib\libgcc.a(udivsi3.o)
                0x00011300                __udivsi3
 .text          0x000113a8       0xbc C:\ZYBO\Work-2018.2\APP6-GE\S4e-APP6-Vivado_Etudiant\APP6\APP6.sdk\standalone_bsp_0\microblaze_0\lib\libgcc.a(umodsi3.o)
                0x000113a8                __umodsi3
 .text          0x00011464      0x184 C:\ZYBO\Work-2018.2\APP6-GE\S4e-APP6-Vivado_Etudiant\APP6\APP6.sdk\standalone_bsp_0\microblaze_0\lib\libgcc.a(_muldi3.o)
                0x00011464                __muldi3
 .text          0x000115e8      0x154 C:\ZYBO\Work-2018.2\APP6-GE\S4e-APP6-Vivado_Etudiant\APP6\APP6.sdk\standalone_bsp_0\microblaze_0\lib\libgcc.a(_clzsi2.o)
                0x000115e8                __clzsi2
 .text          0x0001173c      0x574 C:\ZYBO\Work-2018.2\APP6-GE\S4e-APP6-Vivado_Etudiant\APP6\APP6.sdk\standalone_bsp_0\microblaze_0\lib\libgcc.a(_pack_df.o)
                0x0001173c                __pack_d
 .text          0x00011cb0      0x380 C:\ZYBO\Work-2018.2\APP6-GE\S4e-APP6-Vivado_Etudiant\APP6\APP6.sdk\standalone_bsp_0\microblaze_0\lib\libgcc.a(_unpack_df.o)
                0x00011cb0                __unpack_d
 .text          0x00012030      0x108 C:\ZYBO\Work-2018.2\APP6-GE\S4e-APP6-Vivado_Etudiant\APP6\APP6.sdk\standalone_bsp_0\microblaze_0\lib\libgcc.a(_fpcmp_parts_df.o)
                0x00012030                __fpcmp_parts_d
 .text          0x00012138       0x68 C:\ZYBO\Work-2018.2\APP6-GE\S4e-APP6-Vivado_Etudiant\APP6\APP6.sdk\standalone_bsp_0\microblaze_0\lib\libgloss.a(sbrk.o)
                0x00012138                sbrk
 .text          0x000121a0       0x50 d:/xilinx/sdk/2018.2/gnu/microblaze/nt/bin/../lib/gcc/microblaze-xilinx-elf/7.2.0/m/le/crtend.o
 *(.text.*)
 .text.udpEchoStart
                0x000121f0       0x98 ./cyclone_tcp/std_services/echo.o
                0x000121f0                udpEchoStart
 .text.udpEchoTask
                0x00012288       0x90 ./cyclone_tcp/std_services/echo.o
                0x00012288                udpEchoTask
 .text.arpInit  0x00012318       0x2c ./cyclone_tcp/ipv4/arp.o
                0x00012318                arpInit
 .text.arpFindEntry
                0x00012344       0x44 ./cyclone_tcp/ipv4/arp.o
                0x00012344                arpFindEntry
 .text.arpSendQueuedPackets
                0x00012388       0xc4 ./cyclone_tcp/ipv4/arp.o
                0x00012388                arpSendQueuedPackets
 .text.arpFlushQueuedPackets
                0x0001244c       0x64 ./cyclone_tcp/ipv4/arp.o
                0x0001244c                arpFlushQueuedPackets
 .text.arpFlushCache
                0x000124b0       0x6c ./cyclone_tcp/ipv4/arp.o
                0x000124b0                arpFlushCache
 .text.arpCreateEntry
                0x0001251c       0xc0 ./cyclone_tcp/ipv4/arp.o
                0x0001251c                arpCreateEntry
 .text.arpEnqueuePacket
                0x000125dc      0x164 ./cyclone_tcp/ipv4/arp.o
                0x000125dc                arpEnqueuePacket
 .text.arpProcessReply
                0x00012740      0x25c ./cyclone_tcp/ipv4/arp.o
                0x00012740                arpProcessReply
 .text.arpSendRequest
                0x0001299c      0x26c ./cyclone_tcp/ipv4/arp.o
                0x0001299c                arpSendRequest
 .text.arpResolve
                0x00012c08      0x128 ./cyclone_tcp/ipv4/arp.o
                0x00012c08                arpResolve
 .text.arpTick  0x00012d30      0x1d8 ./cyclone_tcp/ipv4/arp.o
                0x00012d30                arpTick
 .text.arpSendReply
                0x00012f08      0x24c ./cyclone_tcp/ipv4/arp.o
                0x00012f08                arpSendReply
 .text.arpProcessRequest
                0x00013154      0x144 ./cyclone_tcp/ipv4/arp.o
                0x00013154                arpProcessRequest
 .text.arpProcessPacket
                0x00013298      0x1d8 ./cyclone_tcp/ipv4/arp.o
                0x00013298                arpProcessPacket
 .text.ipv4Init
                0x00013470       0x88 ./cyclone_tcp/ipv4/ipv4.o
                0x00013470                ipv4Init
 .text.ipv4SetHostAddr
                0x000134f8       0x90 ./cyclone_tcp/ipv4/ipv4.o
                0x000134f8                ipv4SetHostAddr
 .text.ipv4SetSubnetMask
                0x00013588       0x60 ./cyclone_tcp/ipv4/ipv4.o
                0x00013588                ipv4SetSubnetMask
 .text.ipv4SetDefaultGateway
                0x000135e8       0x74 ./cyclone_tcp/ipv4/ipv4.o
                0x000135e8                ipv4SetDefaultGateway
 .text.ipv4SetDnsServer
                0x0001365c       0x98 ./cyclone_tcp/ipv4/ipv4.o
                0x0001365c                ipv4SetDnsServer
 .text.ipv4LinkChangeEvent
                0x000136f4       0x40 ./cyclone_tcp/ipv4/ipv4.o
                0x000136f4                ipv4LinkChangeEvent
 .text.ipv4ProcessDatagram
                0x00013734      0x148 ./cyclone_tcp/ipv4/ipv4.o
                0x00013734                ipv4ProcessDatagram
 .text.ipv4IsBroadcastAddr
                0x0001387c       0x74 ./cyclone_tcp/ipv4/ipv4.o
                0x0001387c                ipv4IsBroadcastAddr
 .text.ipv4CheckSourceAddr
                0x000138f0       0x48 ./cyclone_tcp/ipv4/ipv4.o
                0x000138f0                ipv4CheckSourceAddr
 .text.ipv4CheckDestAddr
                0x00013938       0xa0 ./cyclone_tcp/ipv4/ipv4.o
                0x00013938                ipv4CheckDestAddr
 .text.ipv4ProcessPacket
                0x000139d8      0x1f0 ./cyclone_tcp/ipv4/ipv4.o
                0x000139d8                ipv4ProcessPacket
 .text.ipv4SelectSourceAddr
                0x00013bc8       0x78 ./cyclone_tcp/ipv4/ipv4.o
                0x00013bc8                ipv4SelectSourceAddr
 .text.ipv4MapMulticastAddrToMac
                0x00013c40       0x7c ./cyclone_tcp/ipv4/ipv4.o
                0x00013c40                ipv4MapMulticastAddrToMac
 .text.ipv4SendPacket
                0x00013cbc      0x50c ./cyclone_tcp/ipv4/ipv4.o
                0x00013cbc                ipv4SendPacket
 .text.ipv4SendDatagram
                0x000141c8       0xcc ./cyclone_tcp/ipv4/ipv4.o
                0x000141c8                ipv4SendDatagram
 .text.ipv4UpdateOutStats
                0x00014294        0x8 ./cyclone_tcp/ipv4/ipv4.o
                0x00014294                ipv4UpdateOutStats
 .text.ipv4StringToAddr
                0x0001429c       0xc0 ./cyclone_tcp/ipv4/ipv4.o
                0x0001429c                ipv4StringToAddr
 .text.enc624j600Tick
                0x0001435c        0x8 ./cyclone_tcp/drivers/eth/enc624j600_driver.o
                0x0001435c                enc624j600Tick
 .text.enc624j600EnableIrq
                0x00014364       0x24 ./cyclone_tcp/drivers/eth/enc624j600_driver.o
                0x00014364                enc624j600EnableIrq
 .text.enc624j600DisableIrq
                0x00014388       0x24 ./cyclone_tcp/drivers/eth/enc624j600_driver.o
                0x00014388                enc624j600DisableIrq
 .text.enc624j600WriteReg
                0x000143ac       0xa8 ./cyclone_tcp/drivers/eth/enc624j600_driver.o
                0x000143ac                enc624j600WriteReg
 .text.enc624j600ReadReg
                0x00014454       0xa8 ./cyclone_tcp/drivers/eth/enc624j600_driver.o
                0x00014454                enc624j600ReadReg
 .text.enc624j600UpdateMacConfig
                0x000144fc       0x74 ./cyclone_tcp/drivers/eth/enc624j600_driver.o
                0x000144fc                enc624j600UpdateMacConfig
 .text.enc624j600WritePhyReg
                0x00014570       0x6c ./cyclone_tcp/drivers/eth/enc624j600_driver.o
                0x00014570                enc624j600WritePhyReg
 .text.enc624j600ReadPhyReg
                0x000145dc       0x98 ./cyclone_tcp/drivers/eth/enc624j600_driver.o
                0x000145dc                enc624j600ReadPhyReg
 .text.enc624j600WriteBuffer
                0x00014674       0xf4 ./cyclone_tcp/drivers/eth/enc624j600_driver.o
                0x00014674                enc624j600WriteBuffer
 .text.enc624j600ReadBuffer
                0x00014768       0x94 ./cyclone_tcp/drivers/eth/enc624j600_driver.o
                0x00014768                enc624j600ReadBuffer
 .text.enc624j600SetBit
                0x000147fc       0xa8 ./cyclone_tcp/drivers/eth/enc624j600_driver.o
                0x000147fc                enc624j600SetBit
 .text.enc624j600ReceivePacket
                0x000148a4      0x14c ./cyclone_tcp/drivers/eth/enc624j600_driver.o
                0x000148a4                enc624j600ReceivePacket
 .text.enc624j600SoftReset
                0x000149f0       0xcc ./cyclone_tcp/drivers/eth/enc624j600_driver.o
                0x000149f0                enc624j600SoftReset
 .text.enc624j600Init
                0x00014abc      0x270 ./cyclone_tcp/drivers/eth/enc624j600_driver.o
                0x00014abc                enc624j600Init
 .text.enc624j600ClearBit
                0x00014d2c       0xa8 ./cyclone_tcp/drivers/eth/enc624j600_driver.o
                0x00014d2c                enc624j600ClearBit
 .text.enc624j600IrqHandler
                0x00014dd4      0x118 ./cyclone_tcp/drivers/eth/enc624j600_driver.o
                0x00014dd4                enc624j600IrqHandler
 .text.enc624j600EventHandler
                0x00014eec      0x128 ./cyclone_tcp/drivers/eth/enc624j600_driver.o
                0x00014eec                enc624j600EventHandler
 .text.enc624j600SendPacket
                0x00015014      0x134 ./cyclone_tcp/drivers/eth/enc624j600_driver.o
                0x00015014                enc624j600SendPacket
 .text.enc624j600CalcCrc
                0x00015148       0x80 ./cyclone_tcp/drivers/eth/enc624j600_driver.o
                0x00015148                enc624j600CalcCrc
 .text.enc624j600UpdateMacAddrFilter
                0x000151c8      0x134 ./cyclone_tcp/drivers/eth/enc624j600_driver.o
                0x000151c8                enc624j600UpdateMacAddrFilter
 .text.ethInit  0x000152fc       0x2c ./cyclone_tcp/core/ethernet.o
                0x000152fc                ethInit
 .text.ethPadFrame
                0x00015328       0x6c ./cyclone_tcp/core/ethernet.o
                0x00015328                ethPadFrame
 .text.ethCheckDestAddr
                0x00015394       0xd8 ./cyclone_tcp/core/ethernet.o
                0x00015394                ethCheckDestAddr
 .text.ethCalcCrc
                0x0001546c       0x4c ./cyclone_tcp/core/ethernet.o
                0x0001546c                ethCalcCrc
 .text.ethProcessFrame
                0x000154b8      0x17c ./cyclone_tcp/core/ethernet.o
                0x000154b8                ethProcessFrame
 .text.ethCalcCrcEx
                0x00015634       0xa8 ./cyclone_tcp/core/ethernet.o
                0x00015634                ethCalcCrcEx
 .text.ethSendFrame
                0x000156dc      0x1bc ./cyclone_tcp/core/ethernet.o
                0x000156dc                ethSendFrame
 .text.ethAllocBuffer
                0x00015898       0x38 ./cyclone_tcp/core/ethernet.o
                0x00015898                ethAllocBuffer
 .text.macStringToAddr
                0x000158d0      0x174 ./cyclone_tcp/core/ethernet.o
                0x000158d0                macStringToAddr
 .text.macAddrToEui64
                0x00015a44       0x4c ./cyclone_tcp/core/ethernet.o
                0x00015a44                macAddrToEui64
 .text.ipSendDatagram
                0x00015a90       0x90 ./cyclone_tcp/core/ip.o
                0x00015a90                ipSendDatagram
 .text.ipCalcChecksum
                0x00015b20      0x168 ./cyclone_tcp/core/ip.o
                0x00015b20                ipCalcChecksum
 .text.ipCalcChecksumEx
                0x00015c88      0x168 ./cyclone_tcp/core/ip.o
                0x00015c88                ipCalcChecksumEx
 .text.ipCalcUpperLayerChecksumEx
                0x00015df0       0xa4 ./cyclone_tcp/core/ip.o
                0x00015df0                ipCalcUpperLayerChecksumEx
 .text.ipAllocBuffer
                0x00015e94       0x40 ./cyclone_tcp/core/ip.o
                0x00015e94                ipAllocBuffer
 .text.netInit  0x00015ed4      0x178 ./cyclone_tcp/core/net.o
                0x00015ed4                netInit
 .text.netSetMacAddr
                0x0001604c       0xd8 ./cyclone_tcp/core/net.o
                0x0001604c                netSetMacAddr
 .text.netSetInterfaceName
                0x00016124       0xac ./cyclone_tcp/core/net.o
                0x00016124                netSetInterfaceName
 .text.netSetHostname
                0x000161d0       0xac ./cyclone_tcp/core/net.o
                0x000161d0                netSetHostname
 .text.netSetDriver
                0x0001627c       0x98 ./cyclone_tcp/core/net.o
                0x0001627c                netSetDriver
 .text.netSetSpiDriver
                0x00016314       0x98 ./cyclone_tcp/core/net.o
                0x00016314                netSetSpiDriver
 .text.netSetExtIntDriver
                0x000163ac       0x98 ./cyclone_tcp/core/net.o
                0x000163ac                netSetExtIntDriver
 .text.netConfigInterface
                0x00016444      0x128 ./cyclone_tcp/core/net.o
                0x00016444                netConfigInterface
 .text.netTaskInit
                0x0001656c       0x74 ./cyclone_tcp/core/net.o
                0x0001656c                netTaskInit
 .text.netTick  0x000165e0       0xa8 ./cyclone_tcp/core/net.o
                0x000165e0                netTick
 .text.netTask  0x00016688      0x1c0 ./cyclone_tcp/core/net.o
                0x00016688                netTask
 .text.netInitRand
                0x00016848       0x1c ./cyclone_tcp/core/net.o
                0x00016848                netInitRand
 .text.netGetRand
                0x00016864       0x90 ./cyclone_tcp/core/net.o
                0x00016864                netGetRand
 .text.netInvokeLinkChangeCallback
                0x000168f4       0xc0 ./cyclone_tcp/core/net.o
                0x000168f4                netInvokeLinkChangeCallback
 .text.memPoolInit
                0x000169b4        0x8 ./cyclone_tcp/core/net_mem.o
                0x000169b4                memPoolInit
 .text.memPoolAlloc
                0x000169bc       0x20 ./cyclone_tcp/core/net_mem.o
                0x000169bc                memPoolAlloc
 .text.memPoolFree
                0x000169dc       0x20 ./cyclone_tcp/core/net_mem.o
                0x000169dc                memPoolFree
 .text.netBufferGetLength
                0x000169fc       0x34 ./cyclone_tcp/core/net_mem.o
                0x000169fc                netBufferGetLength
 .text.netBufferSetLength
                0x00016a30      0x17c ./cyclone_tcp/core/net_mem.o
                0x00016a30                netBufferSetLength
 .text.netBufferFree
                0x00016bac       0x38 ./cyclone_tcp/core/net_mem.o
                0x00016bac                netBufferFree
 .text.netBufferAlloc
                0x00016be4       0x88 ./cyclone_tcp/core/net_mem.o
                0x00016be4                netBufferAlloc
 .text.netBufferAt
                0x00016c6c       0x48 ./cyclone_tcp/core/net_mem.o
                0x00016c6c                netBufferAt
 .text.netBufferCopy
                0x00016cb4      0x1c0 ./cyclone_tcp/core/net_mem.o
                0x00016cb4                netBufferCopy
 .text.netBufferAppend
                0x00016e74       0x40 ./cyclone_tcp/core/net_mem.o
                0x00016e74                netBufferAppend
 .text.netBufferRead
                0x00016eb4       0xd0 ./cyclone_tcp/core/net_mem.o
                0x00016eb4                netBufferRead
 .text.nicGetLogicalInterface
                0x00016f84        0x8 ./cyclone_tcp/core/nic.o
                0x00016f84                nicGetLogicalInterface
 .text.nicGetPhysicalInterface
                0x00016f8c        0x8 ./cyclone_tcp/core/nic.o
                0x00016f8c                nicGetPhysicalInterface
 .text.nicTick  0x00016f94       0x64 ./cyclone_tcp/core/nic.o
                0x00016f94                nicTick
 .text.nicSendPacket
                0x00016ff8       0xc4 ./cyclone_tcp/core/nic.o
                0x00016ff8                nicSendPacket
 .text.nicProcessPacket
                0x000170bc       0x98 ./cyclone_tcp/core/nic.o
                0x000170bc                nicProcessPacket
 .text.nicNotifyLinkChange
                0x00017154      0x104 ./cyclone_tcp/core/nic.o
                0x00017154                nicNotifyLinkChange
 .text.socketInit
                0x00017258       0xa8 ./cyclone_tcp/core/socket.o
                0x00017258                socketInit
 .text.socketOpen
                0x00017300      0x120 ./cyclone_tcp/core/socket.o
                0x00017300                socketOpen
 .text.socketBind
                0x00017420       0x74 ./cyclone_tcp/core/socket.o
                0x00017420                socketBind
 .text.socketSendTo
                0x00017494       0xe0 ./cyclone_tcp/core/socket.o
                0x00017494                socketSendTo
 .text.socketReceiveEx
                0x00017574       0xdc ./cyclone_tcp/core/socket.o
                0x00017574                socketReceiveEx
 .text.socketReceiveFrom
                0x00017650       0x34 ./cyclone_tcp/core/socket.o
                0x00017650                socketReceiveFrom
 .text.socketClose
                0x00017684       0x90 ./cyclone_tcp/core/socket.o
                0x00017684                socketClose
 .text.udpInit  0x00017714       0x58 ./cyclone_tcp/core/udp.o
                0x00017714                udpInit
 .text.udpGetDynamicPort
                0x0001776c       0x9c ./cyclone_tcp/core/udp.o
                0x0001776c                udpGetDynamicPort
 .text.udpSendDatagramEx
                0x00017808      0x204 ./cyclone_tcp/core/udp.o
                0x00017808                udpSendDatagramEx
 .text.udpAllocBuffer
                0x00017a0c       0x40 ./cyclone_tcp/core/udp.o
                0x00017a0c                udpAllocBuffer
 .text.udpSendDatagram
                0x00017a4c      0x124 ./cyclone_tcp/core/udp.o
                0x00017a4c                udpSendDatagram
 .text.udpUpdateEvents
                0x00017b70       0x9c ./cyclone_tcp/core/udp.o
                0x00017b70                udpUpdateEvents
 .text.udpReceiveDatagram
                0x00017c0c      0x16c ./cyclone_tcp/core/udp.o
                0x00017c0c                udpReceiveDatagram
 .text.udpInvokeRxCallback
                0x00017d78      0x180 ./cyclone_tcp/core/udp.o
                0x00017d78                udpInvokeRxCallback
 .text.udpProcessDatagram
                0x00017ef8      0x3b8 ./cyclone_tcp/core/udp.o
                0x00017ef8                udpProcessDatagram
 .text._Z10extIntInitv
                0x000182b0        0x8 ./cyclone_tcp/ext_int_driver.o
                0x000182b0                _Z10extIntInitv
 .text._Z15extIntEnableIrqv
                0x000182b8       0x34 ./cyclone_tcp/ext_int_driver.o
                0x000182b8                _Z15extIntEnableIrqv
 .text._Z16extIntDisableIrqv
                0x000182ec       0x30 ./cyclone_tcp/ext_int_driver.o
                0x000182ec                _Z16extIntDisableIrqv
 .text._Z15ENC_Int_HandlerPv
                0x0001831c       0x58 ./cyclone_tcp/ext_int_driver.o
                0x0001831c                _Z15ENC_Int_HandlerPv
 .text._Z21MyIP_InterruptHandlerPv
                0x00018374       0x7c ./cyclone_tcp/main.o
                0x00018374                _Z21MyIP_InterruptHandlerPv
 .text._Z10systemInitv
                0x000183f0      0x20c ./cyclone_tcp/main.o
                0x000183f0                _Z10systemInitv
 .text._Z20SetupInterruptSystemv
                0x000185fc       0xc8 ./cyclone_tcp/main.o
                0x000185fc                _Z20SetupInterruptSystemv
 .text._Z9blinkTaskv
                0x000186c4       0x74 ./cyclone_tcp/main.o
                0x000186c4                _Z9blinkTaskv
 .text._Z8uartInitv
                0x00018738       0x3c ./cyclone_tcp/main.o
                0x00018738                _Z8uartInitv
 .text._Z8uartTaskv
                0x00018774       0x54 ./cyclone_tcp/main.o
                0x00018774                _Z8uartTaskv
 .text.startup.main
                0x000187c8      0x13c ./cyclone_tcp/main.o
                0x000187c8                main
 .text._Z10spiSetModej
                0x00018904        0x8 ./cyclone_tcp/spi_driver.o
                0x00018904                _Z10spiSetModej
 .text._Z11spiAssertCsv
                0x0001890c       0x34 ./cyclone_tcp/spi_driver.o
                0x0001890c                _Z11spiAssertCsv
 .text._Z13spiDeassertCsv
                0x00018940       0x38 ./cyclone_tcp/spi_driver.o
                0x00018940                _Z13spiDeassertCsv
 .text._Z11spiTransferh
                0x00018978       0x34 ./cyclone_tcp/spi_driver.o
                0x00018978                _Z11spiTransferh
 .text._Z7spiInitv
                0x000189ac       0x58 ./cyclone_tcp/spi_driver.o
                0x000189ac                _Z7spiInitv
 .text._Z13spiSetBitratej
                0x00018a04        0x8 ./cyclone_tcp/spi_driver.o
                0x00018a04                _Z13spiSetBitratej
 .text.swapInt16
                0x00018a0c       0x18 ./common/cpu_endian.o
                0x00018a0c                swapInt16
 .text.osInitKernel
                0x00018a24       0x10 ./common/os_port_none.o
                0x00018a24                osInitKernel
 .text.osCreateTask
                0x00018a34        0x8 ./common/os_port_none.o
                0x00018a34                osCreateTask
 .text.osCreateEvent
                0x00018a3c        0xc ./common/os_port_none.o
                0x00018a3c                osCreateEvent
 .text.osDeleteEvent
                0x00018a48        0x8 ./common/os_port_none.o
                0x00018a48                osDeleteEvent
 .text.osSetEvent
                0x00018a50        0xc ./common/os_port_none.o
                0x00018a50                osSetEvent
 .text.osResetEvent
                0x00018a5c        0x8 ./common/os_port_none.o
                0x00018a5c                osResetEvent
 .text.osWaitForEvent
                0x00018a64       0x1c ./common/os_port_none.o
                0x00018a64                osWaitForEvent
 .text.osSetEventFromIsr
                0x00018a80       0x10 ./common/os_port_none.o
                0x00018a80                osSetEventFromIsr
 .text.osCreateMutex
                0x00018a90        0x8 ./common/os_port_none.o
                0x00018a90                osCreateMutex
 .text.osAcquireMutex
                0x00018a98        0x8 ./common/os_port_none.o
                0x00018a98                osAcquireMutex
 .text.osReleaseMutex
                0x00018aa0        0x8 ./common/os_port_none.o
                0x00018aa0                osReleaseMutex
 .text.osGetSystemTime
                0x00018aa8       0x10 ./common/os_port_none.o
                0x00018aa8                osGetSystemTime
 .text.osAllocMem
                0x00018ab8       0x20 ./common/os_port_none.o
                0x00018ab8                osAllocMem
 .text.osFreeMem
                0x00018ad8       0x2c ./common/os_port_none.o
                0x00018ad8                osFreeMem
 .text.XGpio_CfgInitialize
                0x00018b04       0x6c C:\ZYBO\Work-2018.2\APP6-GE\S4e-APP6-Vivado_Etudiant\APP6\APP6.sdk\standalone_bsp_0\microblaze_0\lib\libxil.a(xgpio.o)
                0x00018b04                XGpio_CfgInitialize
 .text.XGpio_SetDataDirection
                0x00018b70       0xe0 C:\ZYBO\Work-2018.2\APP6-GE\S4e-APP6-Vivado_Etudiant\APP6\APP6.sdk\standalone_bsp_0\microblaze_0\lib\libxil.a(xgpio.o)
                0x00018b70                XGpio_SetDataDirection
 .text.XGpio_DiscreteRead
                0x00018c50      0x108 C:\ZYBO\Work-2018.2\APP6-GE\S4e-APP6-Vivado_Etudiant\APP6\APP6.sdk\standalone_bsp_0\microblaze_0\lib\libxil.a(xgpio.o)
                0x00018c50                XGpio_DiscreteRead
 .text.XGpio_DiscreteWrite
                0x00018d58       0xe4 C:\ZYBO\Work-2018.2\APP6-GE\S4e-APP6-Vivado_Etudiant\APP6\APP6.sdk\standalone_bsp_0\microblaze_0\lib\libxil.a(xgpio.o)
                0x00018d58                XGpio_DiscreteWrite
 .text.XGpio_Initialize
                0x00018e3c       0xa4 C:\ZYBO\Work-2018.2\APP6-GE\S4e-APP6-Vivado_Etudiant\APP6\APP6.sdk\standalone_bsp_0\microblaze_0\lib\libxil.a(xgpio_sinit.o)
                0x00018e3c                XGpio_Initialize
 .text.StubHandler
                0x00018ee0       0x50 C:\ZYBO\Work-2018.2\APP6-GE\S4e-APP6-Vivado_Etudiant\APP6\APP6.sdk\standalone_bsp_0\microblaze_0\lib\libxil.a(xintc.o)
 .text.XIntc_Initialize
                0x00018f30      0x234 C:\ZYBO\Work-2018.2\APP6-GE\S4e-APP6-Vivado_Etudiant\APP6\APP6.sdk\standalone_bsp_0\microblaze_0\lib\libxil.a(xintc.o)
                0x00018f30                XIntc_Initialize
 .text.XIntc_Start
                0x00019164      0x114 C:\ZYBO\Work-2018.2\APP6-GE\S4e-APP6-Vivado_Etudiant\APP6\APP6.sdk\standalone_bsp_0\microblaze_0\lib\libxil.a(xintc.o)
                0x00019164                XIntc_Start
 .text.XIntc_Connect
                0x00019278      0x120 C:\ZYBO\Work-2018.2\APP6-GE\S4e-APP6-Vivado_Etudiant\APP6\APP6.sdk\standalone_bsp_0\microblaze_0\lib\libxil.a(xintc.o)
                0x00019278                XIntc_Connect
 .text.XIntc_Enable
                0x00019398       0xec C:\ZYBO\Work-2018.2\APP6-GE\S4e-APP6-Vivado_Etudiant\APP6\APP6.sdk\standalone_bsp_0\microblaze_0\lib\libxil.a(xintc.o)
                0x00019398                XIntc_Enable
 .text.XIntc_Disable
                0x00019484       0xf0 C:\ZYBO\Work-2018.2\APP6-GE\S4e-APP6-Vivado_Etudiant\APP6\APP6.sdk\standalone_bsp_0\microblaze_0\lib\libxil.a(xintc.o)
                0x00019484                XIntc_Disable
 .text.XIntc_Acknowledge
                0x00019574       0xe4 C:\ZYBO\Work-2018.2\APP6-GE\S4e-APP6-Vivado_Etudiant\APP6\APP6.sdk\standalone_bsp_0\microblaze_0\lib\libxil.a(xintc.o)
                0x00019574                XIntc_Acknowledge
 .text.XIntc_InterruptHandler
                0x00019658       0x5c C:\ZYBO\Work-2018.2\APP6-GE\S4e-APP6-Vivado_Etudiant\APP6\APP6.sdk\standalone_bsp_0\microblaze_0\lib\libxil.a(xintc_intr.o)
                0x00019658                XIntc_InterruptHandler
 .text.XIntc_DeviceInterruptHandler
                0x000196b4      0x150 C:\ZYBO\Work-2018.2\APP6-GE\S4e-APP6-Vivado_Etudiant\APP6\APP6.sdk\standalone_bsp_0\microblaze_0\lib\libxil.a(xintc_l.o)
                0x000196b4                XIntc_DeviceInterruptHandler
 .text.StubStatusHandler
                0x00019804       0x34 C:\ZYBO\Work-2018.2\APP6-GE\S4e-APP6-Vivado_Etudiant\APP6\APP6.sdk\standalone_bsp_0\microblaze_0\lib\libxil.a(xspi.o)
 .text.XSpi_Reset
                0x00019838       0xd8 C:\ZYBO\Work-2018.2\APP6-GE\S4e-APP6-Vivado_Etudiant\APP6\APP6.sdk\standalone_bsp_0\microblaze_0\lib\libxil.a(xspi.o)
                0x00019838                XSpi_Reset
 .text.XSpi_CfgInitialize
                0x00019910      0x1b8 C:\ZYBO\Work-2018.2\APP6-GE\S4e-APP6-Vivado_Etudiant\APP6\APP6.sdk\standalone_bsp_0\microblaze_0\lib\libxil.a(xspi.o)
                0x00019910                XSpi_CfgInitialize
 .text.XSpi_LookupConfig
                0x00019ac8       0x28 C:\ZYBO\Work-2018.2\APP6-GE\S4e-APP6-Vivado_Etudiant\APP6\APP6.sdk\standalone_bsp_0\microblaze_0\lib\libxil.a(xspi_sinit.o)
                0x00019ac8                XSpi_LookupConfig
 .text.__interrupt_handler
                0x00019af0       0xa4 C:\ZYBO\Work-2018.2\APP6-GE\S4e-APP6-Vivado_Etudiant\APP6\APP6.sdk\standalone_bsp_0\microblaze_0\lib\libxil.a(microblaze_interrupt_handler.o)
                0x00019af0                __interrupt_handler
                0x00019af0                _interrupt_handler
 .text.outbyte  0x00019b94       0x2c C:\ZYBO\Work-2018.2\APP6-GE\S4e-APP6-Vivado_Etudiant\APP6\APP6.sdk\standalone_bsp_0\microblaze_0\lib\libxil.a(outbyte.o)
                0x00019b94                outbyte
 .text.Xil_Assert
                0x00019bc0       0x48 C:\ZYBO\Work-2018.2\APP6-GE\S4e-APP6-Vivado_Etudiant\APP6\APP6.sdk\standalone_bsp_0\microblaze_0\lib\libxil.a(xil_assert.o)
                0x00019bc0                Xil_Assert
 .text.XNullHandler
                0x00019c08        0x8 C:\ZYBO\Work-2018.2\APP6-GE\S4e-APP6-Vivado_Etudiant\APP6\APP6.sdk\standalone_bsp_0\microblaze_0\lib\libxil.a(xil_assert.o)
                0x00019c08                XNullHandler
 .text.Xil_ExceptionInit
                0x00019c10        0x8 C:\ZYBO\Work-2018.2\APP6-GE\S4e-APP6-Vivado_Etudiant\APP6\APP6.sdk\standalone_bsp_0\microblaze_0\lib\libxil.a(xil_exception.o)
                0x00019c10                Xil_ExceptionInit
 .text.Xil_ExceptionEnable
                0x00019c18       0x2c C:\ZYBO\Work-2018.2\APP6-GE\S4e-APP6-Vivado_Etudiant\APP6\APP6.sdk\standalone_bsp_0\microblaze_0\lib\libxil.a(xil_exception.o)
                0x00019c18                Xil_ExceptionEnable
 .text.Xil_ExceptionRegisterHandler
                0x00019c44       0x38 C:\ZYBO\Work-2018.2\APP6-GE\S4e-APP6-Vivado_Etudiant\APP6\APP6.sdk\standalone_bsp_0\microblaze_0\lib\libxil.a(xil_exception.o)
                0x00019c44                Xil_ExceptionRegisterHandler
 .text.getnum   0x00019c7c       0x70 C:\ZYBO\Work-2018.2\APP6-GE\S4e-APP6-Vivado_Etudiant\APP6\APP6.sdk\standalone_bsp_0\microblaze_0\lib\libxil.a(xil_printf.o)
 .text.padding.part.0
                0x00019cec       0x58 C:\ZYBO\Work-2018.2\APP6-GE\S4e-APP6-Vivado_Etudiant\APP6\APP6.sdk\standalone_bsp_0\microblaze_0\lib\libxil.a(xil_printf.o)
 .text.outnum   0x00019d44      0x1d8 C:\ZYBO\Work-2018.2\APP6-GE\S4e-APP6-Vivado_Etudiant\APP6\APP6.sdk\standalone_bsp_0\microblaze_0\lib\libxil.a(xil_printf.o)
 .text.xil_printf
                0x00019f1c      0x42c C:\ZYBO\Work-2018.2\APP6-GE\S4e-APP6-Vivado_Etudiant\APP6\APP6.sdk\standalone_bsp_0\microblaze_0\lib\libxil.a(xil_printf.o)
                0x00019f1c                xil_printf
 .text.StubHandler
                0x0001a348       0x34 C:\ZYBO\Work-2018.2\APP6-GE\S4e-APP6-Vivado_Etudiant\APP6\APP6.sdk\standalone_bsp_0\microblaze_0\lib\libxil.a(xuartlite.o)
 .text.XUartLite_CfgInitialize
                0x0001a37c       0x9c C:\ZYBO\Work-2018.2\APP6-GE\S4e-APP6-Vivado_Etudiant\APP6\APP6.sdk\standalone_bsp_0\microblaze_0\lib\libxil.a(xuartlite.o)
                0x0001a37c                XUartLite_CfgInitialize
 .text.XUartLite_ResetFifos
                0x0001a418       0x9c C:\ZYBO\Work-2018.2\APP6-GE\S4e-APP6-Vivado_Etudiant\APP6\APP6.sdk\standalone_bsp_0\microblaze_0\lib\libxil.a(xuartlite.o)
                0x0001a418                XUartLite_ResetFifos
 .text.XUartLite_SendBuffer
                0x0001a4b4       0x98 C:\ZYBO\Work-2018.2\APP6-GE\S4e-APP6-Vivado_Etudiant\APP6\APP6.sdk\standalone_bsp_0\microblaze_0\lib\libxil.a(xuartlite.o)
                0x0001a4b4                XUartLite_SendBuffer
 .text.XUartLite_Send
                0x0001a54c      0x174 C:\ZYBO\Work-2018.2\APP6-GE\S4e-APP6-Vivado_Etudiant\APP6\APP6.sdk\standalone_bsp_0\microblaze_0\lib\libxil.a(xuartlite.o)
                0x0001a54c                XUartLite_Send
 .text.XUartLite_ReceiveBuffer
                0x0001a6c0       0xc4 C:\ZYBO\Work-2018.2\APP6-GE\S4e-APP6-Vivado_Etudiant\APP6\APP6.sdk\standalone_bsp_0\microblaze_0\lib\libxil.a(xuartlite.o)
                0x0001a6c0                XUartLite_ReceiveBuffer
 .text.XUartLite_Recv
                0x0001a784      0x174 C:\ZYBO\Work-2018.2\APP6-GE\S4e-APP6-Vivado_Etudiant\APP6\APP6.sdk\standalone_bsp_0\microblaze_0\lib\libxil.a(xuartlite.o)
                0x0001a784                XUartLite_Recv
 .text.XUartLite_SendByte
                0x0001a8f8       0x1c C:\ZYBO\Work-2018.2\APP6-GE\S4e-APP6-Vivado_Etudiant\APP6\APP6.sdk\standalone_bsp_0\microblaze_0\lib\libxil.a(xuartlite_l.o)
                0x0001a8f8                XUartLite_SendByte
 .text.XUartLite_SelfTest
                0x0001a914      0x144 C:\ZYBO\Work-2018.2\APP6-GE\S4e-APP6-Vivado_Etudiant\APP6\APP6.sdk\standalone_bsp_0\microblaze_0\lib\libxil.a(xuartlite_selftest.o)
                0x0001a914                XUartLite_SelfTest
 .text.XUartLite_Initialize
                0x0001aa58       0xa0 C:\ZYBO\Work-2018.2\APP6-GE\S4e-APP6-Vivado_Etudiant\APP6\APP6.sdk\standalone_bsp_0\microblaze_0\lib\libxil.a(xuartlite_sinit.o)
                0x0001aa58                XUartLite_Initialize
 .text.XUartLite_ClearStats
                0x0001aaf8       0xa4 C:\ZYBO\Work-2018.2\APP6-GE\S4e-APP6-Vivado_Etudiant\APP6\APP6.sdk\standalone_bsp_0\microblaze_0\lib\libxil.a(xuartlite_stats.o)
                0x0001aaf8                XUartLite_ClearStats
 .text.__errno  0x0001ab9c       0x10 C:\ZYBO\Work-2018.2\APP6-GE\S4e-APP6-Vivado_Etudiant\APP6\APP6.sdk\standalone_bsp_0\microblaze_0\lib\libxil.a(errno.o)
                0x0001ab9c                __errno
 *(.gnu.linkonce.t.*)

.init           0x0001abac       0x3c
 *(.init)
 .init          0x0001abac       0x18 d:/xilinx/sdk/2018.2/gnu/microblaze/nt/bin/../lib/gcc/microblaze-xilinx-elf/7.2.0/m/le/crti.o
                0x0001abac                __init
 .init          0x0001abc4        0xc d:/xilinx/sdk/2018.2/gnu/microblaze/nt/bin/../lib/gcc/microblaze-xilinx-elf/7.2.0/m/le/crtbegin.o
 .init          0x0001abd0        0xc d:/xilinx/sdk/2018.2/gnu/microblaze/nt/bin/../lib/gcc/microblaze-xilinx-elf/7.2.0/m/le/crtend.o
 .init          0x0001abdc        0xc d:/xilinx/sdk/2018.2/gnu/microblaze/nt/bin/../lib/gcc/microblaze-xilinx-elf/7.2.0/m/le/crtn.o

.fini           0x0001abe8       0x20
 *(.fini)
 .fini          0x0001abe8        0x8 d:/xilinx/sdk/2018.2/gnu/microblaze/nt/bin/../lib/gcc/microblaze-xilinx-elf/7.2.0/m/le/crti.o
                0x0001abe8                __fini
 .fini          0x0001abf0        0xc d:/xilinx/sdk/2018.2/gnu/microblaze/nt/bin/../lib/gcc/microblaze-xilinx-elf/7.2.0/m/le/crtbegin.o
 .fini          0x0001abfc        0xc d:/xilinx/sdk/2018.2/gnu/microblaze/nt/bin/../lib/gcc/microblaze-xilinx-elf/7.2.0/m/le/crtn.o

.ctors          0x0001ac08        0x8
                0x0001ac08                __CTOR_LIST__ = .
                0x0001ac08                ___CTORS_LIST___ = .
 *crtbegin.o(.ctors)
 .ctors         0x0001ac08        0x4 d:/xilinx/sdk/2018.2/gnu/microblaze/nt/bin/../lib/gcc/microblaze-xilinx-elf/7.2.0/m/le/crtbegin.o
 *(EXCLUDE_FILE(*crtend.o) .ctors)
 *(SORT(.ctors.*))
 *(.ctors)
 .ctors         0x0001ac0c        0x4 d:/xilinx/sdk/2018.2/gnu/microblaze/nt/bin/../lib/gcc/microblaze-xilinx-elf/7.2.0/m/le/crtend.o
                0x0001ac10                __CTOR_END__ = .
                0x0001ac10                ___CTORS_END___ = .

.dtors          0x0001ac10        0x8
                0x0001ac10                __DTOR_LIST__ = .
                0x0001ac10                ___DTORS_LIST___ = .
 *crtbegin.o(.dtors)
 .dtors         0x0001ac10        0x4 d:/xilinx/sdk/2018.2/gnu/microblaze/nt/bin/../lib/gcc/microblaze-xilinx-elf/7.2.0/m/le/crtbegin.o
 *(EXCLUDE_FILE(*crtend.o) .dtors)
 *(SORT(.dtors.*))
 *(.dtors)
 .dtors         0x0001ac14        0x4 d:/xilinx/sdk/2018.2/gnu/microblaze/nt/bin/../lib/gcc/microblaze-xilinx-elf/7.2.0/m/le/crtend.o
                0x0001ac14                __DTOR_END__
                [!provide]                PROVIDE (__DTOR_END__, .)
                [!provide]                PROVIDE (___DTORS_END___, .)

.rodata         0x0001ac18      0xd80
                0x0001ac18                __rodata_start = .
 *(.rodata)
 .rodata        0x0001ac18       0x19 ./cyclone_tcp/std_services/echo.o
 *fill*         0x0001ac31        0x3 
 .rodata        0x0001ac34       0x1f ./cyclone_tcp/ipv4/arp.o
 *fill*         0x0001ac53        0x1 
 .rodata        0x0001ac54       0x3c ./cyclone_tcp/ipv4/ipv4.o
 .rodata        0x0001ac90       0x74 ./cyclone_tcp/core/ethernet.o
 .rodata        0x0001ad04        0x4 ./cyclone_tcp/core/ip.o
 .rodata        0x0001ad08       0x15 ./cyclone_tcp/core/net.o
 *fill*         0x0001ad1d        0x3 
 .rodata        0x0001ad20        0xe ./cyclone_tcp/core/nic.o
 *fill*         0x0001ad2e        0x2 
 .rodata        0x0001ad30       0x21 ./cyclone_tcp/core/socket.o
 *fill*         0x0001ad51        0x3 
 .rodata        0x0001ad54       0x30 ./cyclone_tcp/core/udp.o
 .rodata        0x0001ad84       0x9e ./cyclone_tcp/main.o
 *fill*         0x0001ae22        0x2 
 .rodata        0x0001ae24        0x8 C:\ZYBO\Work-2018.2\APP6-GE\S4e-APP6-Vivado_Etudiant\APP6\APP6.sdk\standalone_bsp_0\microblaze_0\lib\libxil.a(xgpio.o)
 .rodata        0x0001ae2c        0xe C:\ZYBO\Work-2018.2\APP6-GE\S4e-APP6-Vivado_Etudiant\APP6\APP6.sdk\standalone_bsp_0\microblaze_0\lib\libxil.a(xgpio_sinit.o)
 *fill*         0x0001ae3a        0x2 
 .rodata        0x0001ae3c        0x8 C:\ZYBO\Work-2018.2\APP6-GE\S4e-APP6-Vivado_Etudiant\APP6\APP6.sdk\standalone_bsp_0\microblaze_0\lib\libxil.a(xintc.o)
 .rodata        0x0001ae44        0xd C:\ZYBO\Work-2018.2\APP6-GE\S4e-APP6-Vivado_Etudiant\APP6\APP6.sdk\standalone_bsp_0\microblaze_0\lib\libxil.a(xintc_intr.o)
 *fill*         0x0001ae51        0x3 
 .rodata        0x0001ae54        0x7 C:\ZYBO\Work-2018.2\APP6-GE\S4e-APP6-Vivado_Etudiant\APP6\APP6.sdk\standalone_bsp_0\microblaze_0\lib\libxil.a(xspi.o)
 *fill*         0x0001ae5b        0x1 
 .rodata        0x0001ae5c       0x11 C:\ZYBO\Work-2018.2\APP6-GE\S4e-APP6-Vivado_Etudiant\APP6\APP6.sdk\standalone_bsp_0\microblaze_0\lib\libxil.a(xil_printf.o)
 *fill*         0x0001ae6d        0x3 
 .rodata        0x0001ae70        0xc C:\ZYBO\Work-2018.2\APP6-GE\S4e-APP6-Vivado_Etudiant\APP6\APP6.sdk\standalone_bsp_0\microblaze_0\lib\libxil.a(xuartlite.o)
 .rodata        0x0001ae7c       0x15 C:\ZYBO\Work-2018.2\APP6-GE\S4e-APP6-Vivado_Etudiant\APP6\APP6.sdk\standalone_bsp_0\microblaze_0\lib\libxil.a(xuartlite_selftest.o)
 *fill*         0x0001ae91        0x3 
 .rodata        0x0001ae94       0x12 C:\ZYBO\Work-2018.2\APP6-GE\S4e-APP6-Vivado_Etudiant\APP6\APP6.sdk\standalone_bsp_0\microblaze_0\lib\libxil.a(xuartlite_sinit.o)
 *fill*         0x0001aea6        0x2 
 .rodata        0x0001aea8       0x12 C:\ZYBO\Work-2018.2\APP6-GE\S4e-APP6-Vivado_Etudiant\APP6\APP6.sdk\standalone_bsp_0\microblaze_0\lib\libxil.a(xuartlite_stats.o)
 *fill*         0x0001aeba        0x2 
 .rodata        0x0001aebc      0x281 C:\ZYBO\Work-2018.2\APP6-GE\S4e-APP6-Vivado_Etudiant\APP6\APP6.sdk\standalone_bsp_0\microblaze_0\lib\libc.a(lib_a-ctype_.o)
                0x0001b03c                _ctype_
 *fill*         0x0001b13d        0x3 
 .rodata        0x0001b140        0x8 C:\ZYBO\Work-2018.2\APP6-GE\S4e-APP6-Vivado_Etudiant\APP6\APP6.sdk\standalone_bsp_0\microblaze_0\lib\libc.a(lib_a-impure.o)
                0x0001b144                _global_impure_ptr
 .rodata        0x0001b148      0x1f4 C:\ZYBO\Work-2018.2\APP6-GE\S4e-APP6-Vivado_Etudiant\APP6\APP6.sdk\standalone_bsp_0\microblaze_0\lib\libc.a(lib_a-svfprintf.o)
 .rodata        0x0001b33c       0x2c C:\ZYBO\Work-2018.2\APP6-GE\S4e-APP6-Vivado_Etudiant\APP6\APP6.sdk\standalone_bsp_0\microblaze_0\lib\libc.a(lib_a-dtoa.o)
 .rodata        0x0001b368       0x12 C:\ZYBO\Work-2018.2\APP6-GE\S4e-APP6-Vivado_Etudiant\APP6\APP6.sdk\standalone_bsp_0\microblaze_0\lib\libc.a(lib_a-locale.o)
 *fill*         0x0001b37a        0x2 
 .rodata        0x0001b37c      0x124 C:\ZYBO\Work-2018.2\APP6-GE\S4e-APP6-Vivado_Etudiant\APP6\APP6.sdk\standalone_bsp_0\microblaze_0\lib\libc.a(lib_a-mprec.o)
                0x0001b37c                __mprec_tens
                0x0001b444                __mprec_bigtens
                0x0001b46c                __mprec_tinytens
 .rodata        0x0001b4a0      0x1d8 C:\ZYBO\Work-2018.2\APP6-GE\S4e-APP6-Vivado_Etudiant\APP6\APP6.sdk\standalone_bsp_0\microblaze_0\lib\libc.a(lib_a-svfiprintf.o)
 .rodata        0x0001b678       0x14 C:\ZYBO\Work-2018.2\APP6-GE\S4e-APP6-Vivado_Etudiant\APP6\APP6.sdk\standalone_bsp_0\microblaze_0\lib\libgcc.a(_thenan_df.o)
                0x0001b678                __thenan_df
 .rodata        0x0001b68c      0x100 C:\ZYBO\Work-2018.2\APP6-GE\S4e-APP6-Vivado_Etudiant\APP6\APP6.sdk\standalone_bsp_0\microblaze_0\lib\libgcc.a(_clz.o)
                0x0001b68c                __clz_tab
 *(.rodata.*)
 .rodata.enc624j600Driver
                0x0001b78c       0x40 ./cyclone_tcp/drivers/eth/enc624j600_driver.o
                0x0001b78c                enc624j600Driver
 .rodata.ethPadding
                0x0001b7cc       0x40 ./cyclone_tcp/core/ethernet.o
                0x0001b7cc                ethPadding
 .rodata.MAC_BROADCAST_ADDR
                0x0001b80c        0x6 ./cyclone_tcp/core/ethernet.o
                0x0001b80c                MAC_BROADCAST_ADDR
 *fill*         0x0001b812        0x2 
 .rodata.MAC_UNSPECIFIED_ADDR
                0x0001b814        0x6 ./cyclone_tcp/core/ethernet.o
                0x0001b814                MAC_UNSPECIFIED_ADDR
 *fill*         0x0001b81a        0x2 
 .rodata.IP_ADDR_ANY
                0x0001b81c        0x8 ./cyclone_tcp/core/ip.o
                0x0001b81c                IP_ADDR_ANY
 .rodata.extIntDriver
                0x0001b824        0xc ./cyclone_tcp/ext_int_driver.o
                0x0001b824                extIntDriver
 .rodata.spiDriver
                0x0001b830       0x18 ./cyclone_tcp/spi_driver.o
                0x0001b830                spiDriver
 .rodata.xil_printf
                0x0001b848      0x150 C:\ZYBO\Work-2018.2\APP6-GE\S4e-APP6-Vivado_Etudiant\APP6\APP6.sdk\standalone_bsp_0\microblaze_0\lib\libxil.a(xil_printf.o)
 *(.gnu.linkonce.r.*)
                0x0001b998                __rodata_end = .

.rela.dyn       0x0001b998        0x0
 .rela.text     0x0001b998        0x0 d:/xilinx/sdk/2018.2/gnu/microblaze/nt/bin/../lib/gcc/microblaze-xilinx-elf/7.2.0/../../../../microblaze-xilinx-elf/lib/m/le/crt0.o
 .rela.vectors.sw_exception
                0x0001b998        0x0 d:/xilinx/sdk/2018.2/gnu/microblaze/nt/bin/../lib/gcc/microblaze-xilinx-elf/7.2.0/../../../../microblaze-xilinx-elf/lib/m/le/crt0.o
 .rela.vectors.interrupt
                0x0001b998        0x0 d:/xilinx/sdk/2018.2/gnu/microblaze/nt/bin/../lib/gcc/microblaze-xilinx-elf/7.2.0/../../../../microblaze-xilinx-elf/lib/m/le/crt0.o
 .rela.vectors.hw_exception
                0x0001b998        0x0 d:/xilinx/sdk/2018.2/gnu/microblaze/nt/bin/../lib/gcc/microblaze-xilinx-elf/7.2.0/../../../../microblaze-xilinx-elf/lib/m/le/crt0.o
 .rela.text.udpEchoStart
                0x0001b998        0x0 d:/xilinx/sdk/2018.2/gnu/microblaze/nt/bin/../lib/gcc/microblaze-xilinx-elf/7.2.0/../../../../microblaze-xilinx-elf/lib/m/le/crt0.o
 .rela.text.udpEchoTask
                0x0001b998        0x0 d:/xilinx/sdk/2018.2/gnu/microblaze/nt/bin/../lib/gcc/microblaze-xilinx-elf/7.2.0/../../../../microblaze-xilinx-elf/lib/m/le/crt0.o
 .rela.text.arpInit
                0x0001b998        0x0 d:/xilinx/sdk/2018.2/gnu/microblaze/nt/bin/../lib/gcc/microblaze-xilinx-elf/7.2.0/../../../../microblaze-xilinx-elf/lib/m/le/crt0.o
 .rela.text.arpSendQueuedPackets
                0x0001b998        0x0 d:/xilinx/sdk/2018.2/gnu/microblaze/nt/bin/../lib/gcc/microblaze-xilinx-elf/7.2.0/../../../../microblaze-xilinx-elf/lib/m/le/crt0.o
 .rela.text.arpFlushQueuedPackets
                0x0001b998        0x0 d:/xilinx/sdk/2018.2/gnu/microblaze/nt/bin/../lib/gcc/microblaze-xilinx-elf/7.2.0/../../../../microblaze-xilinx-elf/lib/m/le/crt0.o
 .rela.text.arpCreateEntry
                0x0001b998        0x0 d:/xilinx/sdk/2018.2/gnu/microblaze/nt/bin/../lib/gcc/microblaze-xilinx-elf/7.2.0/../../../../microblaze-xilinx-elf/lib/m/le/crt0.o
 .rela.text.arpEnqueuePacket
                0x0001b998        0x0 d:/xilinx/sdk/2018.2/gnu/microblaze/nt/bin/../lib/gcc/microblaze-xilinx-elf/7.2.0/../../../../microblaze-xilinx-elf/lib/m/le/crt0.o
 .rela.text.arpProcessReply
                0x0001b998        0x0 d:/xilinx/sdk/2018.2/gnu/microblaze/nt/bin/../lib/gcc/microblaze-xilinx-elf/7.2.0/../../../../microblaze-xilinx-elf/lib/m/le/crt0.o
 .rela.text.arpSendProbe
                0x0001b998        0x0 d:/xilinx/sdk/2018.2/gnu/microblaze/nt/bin/../lib/gcc/microblaze-xilinx-elf/7.2.0/../../../../microblaze-xilinx-elf/lib/m/le/crt0.o
 .rela.text.arpSendRequest
                0x0001b998        0x0 d:/xilinx/sdk/2018.2/gnu/microblaze/nt/bin/../lib/gcc/microblaze-xilinx-elf/7.2.0/../../../../microblaze-xilinx-elf/lib/m/le/crt0.o
 .rela.text.arpResolve
                0x0001b998        0x0 d:/xilinx/sdk/2018.2/gnu/microblaze/nt/bin/../lib/gcc/microblaze-xilinx-elf/7.2.0/../../../../microblaze-xilinx-elf/lib/m/le/crt0.o
 .rela.text.arpTick
                0x0001b998        0x0 d:/xilinx/sdk/2018.2/gnu/microblaze/nt/bin/../lib/gcc/microblaze-xilinx-elf/7.2.0/../../../../microblaze-xilinx-elf/lib/m/le/crt0.o
 .rela.text.arpSendReply
                0x0001b998        0x0 d:/xilinx/sdk/2018.2/gnu/microblaze/nt/bin/../lib/gcc/microblaze-xilinx-elf/7.2.0/../../../../microblaze-xilinx-elf/lib/m/le/crt0.o
 .rela.text.arpProcessRequest
                0x0001b998        0x0 d:/xilinx/sdk/2018.2/gnu/microblaze/nt/bin/../lib/gcc/microblaze-xilinx-elf/7.2.0/../../../../microblaze-xilinx-elf/lib/m/le/crt0.o
 .rela.text.arpProcessPacket
                0x0001b998        0x0 d:/xilinx/sdk/2018.2/gnu/microblaze/nt/bin/../lib/gcc/microblaze-xilinx-elf/7.2.0/../../../../microblaze-xilinx-elf/lib/m/le/crt0.o
 .rela.text.ipv4Init
                0x0001b998        0x0 d:/xilinx/sdk/2018.2/gnu/microblaze/nt/bin/../lib/gcc/microblaze-xilinx-elf/7.2.0/../../../../microblaze-xilinx-elf/lib/m/le/crt0.o
 .rela.text.ipv4SetHostAddr
                0x0001b998        0x0 d:/xilinx/sdk/2018.2/gnu/microblaze/nt/bin/../lib/gcc/microblaze-xilinx-elf/7.2.0/../../../../microblaze-xilinx-elf/lib/m/le/crt0.o
 .rela.text.ipv4GetHostAddr
                0x0001b998        0x0 d:/xilinx/sdk/2018.2/gnu/microblaze/nt/bin/../lib/gcc/microblaze-xilinx-elf/7.2.0/../../../../microblaze-xilinx-elf/lib/m/le/crt0.o
 .rela.text.ipv4SetSubnetMask
                0x0001b998        0x0 d:/xilinx/sdk/2018.2/gnu/microblaze/nt/bin/../lib/gcc/microblaze-xilinx-elf/7.2.0/../../../../microblaze-xilinx-elf/lib/m/le/crt0.o
 .rela.text.ipv4GetSubnetMask
                0x0001b998        0x0 d:/xilinx/sdk/2018.2/gnu/microblaze/nt/bin/../lib/gcc/microblaze-xilinx-elf/7.2.0/../../../../microblaze-xilinx-elf/lib/m/le/crt0.o
 .rela.text.ipv4SetDefaultGateway
                0x0001b998        0x0 d:/xilinx/sdk/2018.2/gnu/microblaze/nt/bin/../lib/gcc/microblaze-xilinx-elf/7.2.0/../../../../microblaze-xilinx-elf/lib/m/le/crt0.o
 .rela.text.ipv4GetDefaultGateway
                0x0001b998        0x0 d:/xilinx/sdk/2018.2/gnu/microblaze/nt/bin/../lib/gcc/microblaze-xilinx-elf/7.2.0/../../../../microblaze-xilinx-elf/lib/m/le/crt0.o
 .rela.text.ipv4SetDnsServer
                0x0001b998        0x0 d:/xilinx/sdk/2018.2/gnu/microblaze/nt/bin/../lib/gcc/microblaze-xilinx-elf/7.2.0/../../../../microblaze-xilinx-elf/lib/m/le/crt0.o
 .rela.text.ipv4GetDnsServer
                0x0001b998        0x0 d:/xilinx/sdk/2018.2/gnu/microblaze/nt/bin/../lib/gcc/microblaze-xilinx-elf/7.2.0/../../../../microblaze-xilinx-elf/lib/m/le/crt0.o
 .rela.text.ipv4LinkChangeEvent
                0x0001b998        0x0 d:/xilinx/sdk/2018.2/gnu/microblaze/nt/bin/../lib/gcc/microblaze-xilinx-elf/7.2.0/../../../../microblaze-xilinx-elf/lib/m/le/crt0.o
 .rela.text.ipv4ProcessDatagram
                0x0001b998        0x0 d:/xilinx/sdk/2018.2/gnu/microblaze/nt/bin/../lib/gcc/microblaze-xilinx-elf/7.2.0/../../../../microblaze-xilinx-elf/lib/m/le/crt0.o
 .rela.text.ipv4ProcessPacket
                0x0001b998        0x0 d:/xilinx/sdk/2018.2/gnu/microblaze/nt/bin/../lib/gcc/microblaze-xilinx-elf/7.2.0/../../../../microblaze-xilinx-elf/lib/m/le/crt0.o
 .rela.text.ipv4SelectSourceAddr
                0x0001b998        0x0 d:/xilinx/sdk/2018.2/gnu/microblaze/nt/bin/../lib/gcc/microblaze-xilinx-elf/7.2.0/../../../../microblaze-xilinx-elf/lib/m/le/crt0.o
 .rela.text.ipv4GetPrefixLength
                0x0001b998        0x0 d:/xilinx/sdk/2018.2/gnu/microblaze/nt/bin/../lib/gcc/microblaze-xilinx-elf/7.2.0/../../../../microblaze-xilinx-elf/lib/m/le/crt0.o
 .rela.text.ipv4JoinMulticastGroup
                0x0001b998        0x0 d:/xilinx/sdk/2018.2/gnu/microblaze/nt/bin/../lib/gcc/microblaze-xilinx-elf/7.2.0/../../../../microblaze-xilinx-elf/lib/m/le/crt0.o
 .rela.text.ipv4LeaveMulticastGroup
                0x0001b998        0x0 d:/xilinx/sdk/2018.2/gnu/microblaze/nt/bin/../lib/gcc/microblaze-xilinx-elf/7.2.0/../../../../microblaze-xilinx-elf/lib/m/le/crt0.o
 .rela.text.ipv4SendPacket
                0x0001b998        0x0 d:/xilinx/sdk/2018.2/gnu/microblaze/nt/bin/../lib/gcc/microblaze-xilinx-elf/7.2.0/../../../../microblaze-xilinx-elf/lib/m/le/crt0.o
 .rela.text.ipv4SendDatagram
                0x0001b998        0x0 d:/xilinx/sdk/2018.2/gnu/microblaze/nt/bin/../lib/gcc/microblaze-xilinx-elf/7.2.0/../../../../microblaze-xilinx-elf/lib/m/le/crt0.o
 .rela.text.ipv4AddrToString
                0x0001b998        0x0 d:/xilinx/sdk/2018.2/gnu/microblaze/nt/bin/../lib/gcc/microblaze-xilinx-elf/7.2.0/../../../../microblaze-xilinx-elf/lib/m/le/crt0.o
 .rela.text.enc624j600ReceivePacket
                0x0001b998        0x0 d:/xilinx/sdk/2018.2/gnu/microblaze/nt/bin/../lib/gcc/microblaze-xilinx-elf/7.2.0/../../../../microblaze-xilinx-elf/lib/m/le/crt0.o
 .rela.text.enc624j600Init
                0x0001b998        0x0 d:/xilinx/sdk/2018.2/gnu/microblaze/nt/bin/../lib/gcc/microblaze-xilinx-elf/7.2.0/../../../../microblaze-xilinx-elf/lib/m/le/crt0.o
 .rela.text.enc624j600IrqHandler
                0x0001b998        0x0 d:/xilinx/sdk/2018.2/gnu/microblaze/nt/bin/../lib/gcc/microblaze-xilinx-elf/7.2.0/../../../../microblaze-xilinx-elf/lib/m/le/crt0.o
 .rela.text.enc624j600EventHandler
                0x0001b998        0x0 d:/xilinx/sdk/2018.2/gnu/microblaze/nt/bin/../lib/gcc/microblaze-xilinx-elf/7.2.0/../../../../microblaze-xilinx-elf/lib/m/le/crt0.o
 .rela.text.enc624j600SendPacket
                0x0001b998        0x0 d:/xilinx/sdk/2018.2/gnu/microblaze/nt/bin/../lib/gcc/microblaze-xilinx-elf/7.2.0/../../../../microblaze-xilinx-elf/lib/m/le/crt0.o
 .rela.text.ethInit
                0x0001b998        0x0 d:/xilinx/sdk/2018.2/gnu/microblaze/nt/bin/../lib/gcc/microblaze-xilinx-elf/7.2.0/../../../../microblaze-xilinx-elf/lib/m/le/crt0.o
 .rela.text.ethPadFrame
                0x0001b998        0x0 d:/xilinx/sdk/2018.2/gnu/microblaze/nt/bin/../lib/gcc/microblaze-xilinx-elf/7.2.0/../../../../microblaze-xilinx-elf/lib/m/le/crt0.o
 .rela.text.ethCheckDestAddr
                0x0001b998        0x0 d:/xilinx/sdk/2018.2/gnu/microblaze/nt/bin/../lib/gcc/microblaze-xilinx-elf/7.2.0/../../../../microblaze-xilinx-elf/lib/m/le/crt0.o
 .rela.text.ethAcceptMacAddr
                0x0001b998        0x0 d:/xilinx/sdk/2018.2/gnu/microblaze/nt/bin/../lib/gcc/microblaze-xilinx-elf/7.2.0/../../../../microblaze-xilinx-elf/lib/m/le/crt0.o
 .rela.text.ethDropMacAddr
                0x0001b998        0x0 d:/xilinx/sdk/2018.2/gnu/microblaze/nt/bin/../lib/gcc/microblaze-xilinx-elf/7.2.0/../../../../microblaze-xilinx-elf/lib/m/le/crt0.o
 .rela.text.ethProcessFrame
                0x0001b998        0x0 d:/xilinx/sdk/2018.2/gnu/microblaze/nt/bin/../lib/gcc/microblaze-xilinx-elf/7.2.0/../../../../microblaze-xilinx-elf/lib/m/le/crt0.o
 .rela.text.ethSendFrame
                0x0001b998        0x0 d:/xilinx/sdk/2018.2/gnu/microblaze/nt/bin/../lib/gcc/microblaze-xilinx-elf/7.2.0/../../../../microblaze-xilinx-elf/lib/m/le/crt0.o
 .rela.text.ethAllocBuffer
                0x0001b998        0x0 d:/xilinx/sdk/2018.2/gnu/microblaze/nt/bin/../lib/gcc/microblaze-xilinx-elf/7.2.0/../../../../microblaze-xilinx-elf/lib/m/le/crt0.o
 .rela.text.macStringToAddr
                0x0001b998        0x0 d:/xilinx/sdk/2018.2/gnu/microblaze/nt/bin/../lib/gcc/microblaze-xilinx-elf/7.2.0/../../../../microblaze-xilinx-elf/lib/m/le/crt0.o
 .rela.text.macAddrToString
                0x0001b998        0x0 d:/xilinx/sdk/2018.2/gnu/microblaze/nt/bin/../lib/gcc/microblaze-xilinx-elf/7.2.0/../../../../microblaze-xilinx-elf/lib/m/le/crt0.o
 .rela.text.eui64StringToAddr
                0x0001b998        0x0 d:/xilinx/sdk/2018.2/gnu/microblaze/nt/bin/../lib/gcc/microblaze-xilinx-elf/7.2.0/../../../../microblaze-xilinx-elf/lib/m/le/crt0.o
 .rela.text.eui64AddrToString
                0x0001b998        0x0 d:/xilinx/sdk/2018.2/gnu/microblaze/nt/bin/../lib/gcc/microblaze-xilinx-elf/7.2.0/../../../../microblaze-xilinx-elf/lib/m/le/crt0.o
 .rela.text.ipSendDatagram
                0x0001b998        0x0 d:/xilinx/sdk/2018.2/gnu/microblaze/nt/bin/../lib/gcc/microblaze-xilinx-elf/7.2.0/../../../../microblaze-xilinx-elf/lib/m/le/crt0.o
 .rela.text.ipJoinMulticastGroup
                0x0001b998        0x0 d:/xilinx/sdk/2018.2/gnu/microblaze/nt/bin/../lib/gcc/microblaze-xilinx-elf/7.2.0/../../../../microblaze-xilinx-elf/lib/m/le/crt0.o
 .rela.text.ipLeaveMulticastGroup
                0x0001b998        0x0 d:/xilinx/sdk/2018.2/gnu/microblaze/nt/bin/../lib/gcc/microblaze-xilinx-elf/7.2.0/../../../../microblaze-xilinx-elf/lib/m/le/crt0.o
 .rela.text.ipStringToAddr
                0x0001b998        0x0 d:/xilinx/sdk/2018.2/gnu/microblaze/nt/bin/../lib/gcc/microblaze-xilinx-elf/7.2.0/../../../../microblaze-xilinx-elf/lib/m/le/crt0.o
 .rela.text.netInit
                0x0001b998        0x0 d:/xilinx/sdk/2018.2/gnu/microblaze/nt/bin/../lib/gcc/microblaze-xilinx-elf/7.2.0/../../../../microblaze-xilinx-elf/lib/m/le/crt0.o
 .rela.text.netSetMacAddr
                0x0001b998        0x0 d:/xilinx/sdk/2018.2/gnu/microblaze/nt/bin/../lib/gcc/microblaze-xilinx-elf/7.2.0/../../../../microblaze-xilinx-elf/lib/m/le/crt0.o
 .rela.text.netGetMacAddr
                0x0001b998        0x0 d:/xilinx/sdk/2018.2/gnu/microblaze/nt/bin/../lib/gcc/microblaze-xilinx-elf/7.2.0/../../../../microblaze-xilinx-elf/lib/m/le/crt0.o
 .rela.text.netSetEui64
                0x0001b998        0x0 d:/xilinx/sdk/2018.2/gnu/microblaze/nt/bin/../lib/gcc/microblaze-xilinx-elf/7.2.0/../../../../microblaze-xilinx-elf/lib/m/le/crt0.o
 .rela.text.netGetEui64
                0x0001b998        0x0 d:/xilinx/sdk/2018.2/gnu/microblaze/nt/bin/../lib/gcc/microblaze-xilinx-elf/7.2.0/../../../../microblaze-xilinx-elf/lib/m/le/crt0.o
 .rela.text.netSetInterfaceId
                0x0001b998        0x0 d:/xilinx/sdk/2018.2/gnu/microblaze/nt/bin/../lib/gcc/microblaze-xilinx-elf/7.2.0/../../../../microblaze-xilinx-elf/lib/m/le/crt0.o
 .rela.text.netSetInterfaceName
                0x0001b998        0x0 d:/xilinx/sdk/2018.2/gnu/microblaze/nt/bin/../lib/gcc/microblaze-xilinx-elf/7.2.0/../../../../microblaze-xilinx-elf/lib/m/le/crt0.o
 .rela.text.netSetHostname
                0x0001b998        0x0 d:/xilinx/sdk/2018.2/gnu/microblaze/nt/bin/../lib/gcc/microblaze-xilinx-elf/7.2.0/../../../../microblaze-xilinx-elf/lib/m/le/crt0.o
 .rela.text.netSetProxy
                0x0001b998        0x0 d:/xilinx/sdk/2018.2/gnu/microblaze/nt/bin/../lib/gcc/microblaze-xilinx-elf/7.2.0/../../../../microblaze-xilinx-elf/lib/m/le/crt0.o
 .rela.text.netSetDriver
                0x0001b998        0x0 d:/xilinx/sdk/2018.2/gnu/microblaze/nt/bin/../lib/gcc/microblaze-xilinx-elf/7.2.0/../../../../microblaze-xilinx-elf/lib/m/le/crt0.o
 .rela.text.netSetPhyDriver
                0x0001b998        0x0 d:/xilinx/sdk/2018.2/gnu/microblaze/nt/bin/../lib/gcc/microblaze-xilinx-elf/7.2.0/../../../../microblaze-xilinx-elf/lib/m/le/crt0.o
 .rela.text.netSetPhyAddr
                0x0001b998        0x0 d:/xilinx/sdk/2018.2/gnu/microblaze/nt/bin/../lib/gcc/microblaze-xilinx-elf/7.2.0/../../../../microblaze-xilinx-elf/lib/m/le/crt0.o
 .rela.text.netSetSpiDriver
                0x0001b998        0x0 d:/xilinx/sdk/2018.2/gnu/microblaze/nt/bin/../lib/gcc/microblaze-xilinx-elf/7.2.0/../../../../microblaze-xilinx-elf/lib/m/le/crt0.o
 .rela.text.netSetUartDriver
                0x0001b998        0x0 d:/xilinx/sdk/2018.2/gnu/microblaze/nt/bin/../lib/gcc/microblaze-xilinx-elf/7.2.0/../../../../microblaze-xilinx-elf/lib/m/le/crt0.o
 .rela.text.netSetExtIntDriver
                0x0001b998        0x0 d:/xilinx/sdk/2018.2/gnu/microblaze/nt/bin/../lib/gcc/microblaze-xilinx-elf/7.2.0/../../../../microblaze-xilinx-elf/lib/m/le/crt0.o
 .rela.text.netSetLinkState
                0x0001b998        0x0 d:/xilinx/sdk/2018.2/gnu/microblaze/nt/bin/../lib/gcc/microblaze-xilinx-elf/7.2.0/../../../../microblaze-xilinx-elf/lib/m/le/crt0.o
 .rela.text.netGetLinkState
                0x0001b998        0x0 d:/xilinx/sdk/2018.2/gnu/microblaze/nt/bin/../lib/gcc/microblaze-xilinx-elf/7.2.0/../../../../microblaze-xilinx-elf/lib/m/le/crt0.o
 .rela.text.netConfigInterface
                0x0001b998        0x0 d:/xilinx/sdk/2018.2/gnu/microblaze/nt/bin/../lib/gcc/microblaze-xilinx-elf/7.2.0/../../../../microblaze-xilinx-elf/lib/m/le/crt0.o
 .rela.text.netTaskInit
                0x0001b998        0x0 d:/xilinx/sdk/2018.2/gnu/microblaze/nt/bin/../lib/gcc/microblaze-xilinx-elf/7.2.0/../../../../microblaze-xilinx-elf/lib/m/le/crt0.o
 .rela.text.netTick
                0x0001b998        0x0 d:/xilinx/sdk/2018.2/gnu/microblaze/nt/bin/../lib/gcc/microblaze-xilinx-elf/7.2.0/../../../../microblaze-xilinx-elf/lib/m/le/crt0.o
 .rela.text.netTask
                0x0001b998        0x0 d:/xilinx/sdk/2018.2/gnu/microblaze/nt/bin/../lib/gcc/microblaze-xilinx-elf/7.2.0/../../../../microblaze-xilinx-elf/lib/m/le/crt0.o
 .rela.text.netAttachLinkChangeCallback
                0x0001b998        0x0 d:/xilinx/sdk/2018.2/gnu/microblaze/nt/bin/../lib/gcc/microblaze-xilinx-elf/7.2.0/../../../../microblaze-xilinx-elf/lib/m/le/crt0.o
 .rela.text.netDetachLinkChangeCallback
                0x0001b998        0x0 d:/xilinx/sdk/2018.2/gnu/microblaze/nt/bin/../lib/gcc/microblaze-xilinx-elf/7.2.0/../../../../microblaze-xilinx-elf/lib/m/le/crt0.o
 .rela.text.netInvokeLinkChangeCallback
                0x0001b998        0x0 d:/xilinx/sdk/2018.2/gnu/microblaze/nt/bin/../lib/gcc/microblaze-xilinx-elf/7.2.0/../../../../microblaze-xilinx-elf/lib/m/le/crt0.o
 .rela.text.memPoolAlloc
                0x0001b998        0x0 d:/xilinx/sdk/2018.2/gnu/microblaze/nt/bin/../lib/gcc/microblaze-xilinx-elf/7.2.0/../../../../microblaze-xilinx-elf/lib/m/le/crt0.o
 .rela.text.memPoolFree
                0x0001b998        0x0 d:/xilinx/sdk/2018.2/gnu/microblaze/nt/bin/../lib/gcc/microblaze-xilinx-elf/7.2.0/../../../../microblaze-xilinx-elf/lib/m/le/crt0.o
 .rela.text.netBufferSetLength
                0x0001b998        0x0 d:/xilinx/sdk/2018.2/gnu/microblaze/nt/bin/../lib/gcc/microblaze-xilinx-elf/7.2.0/../../../../microblaze-xilinx-elf/lib/m/le/crt0.o
 .rela.text.netBufferFree
                0x0001b998        0x0 d:/xilinx/sdk/2018.2/gnu/microblaze/nt/bin/../lib/gcc/microblaze-xilinx-elf/7.2.0/../../../../microblaze-xilinx-elf/lib/m/le/crt0.o
 .rela.text.netBufferAlloc
                0x0001b998        0x0 d:/xilinx/sdk/2018.2/gnu/microblaze/nt/bin/../lib/gcc/microblaze-xilinx-elf/7.2.0/../../../../microblaze-xilinx-elf/lib/m/le/crt0.o
 .rela.text.netBufferCopy
                0x0001b998        0x0 d:/xilinx/sdk/2018.2/gnu/microblaze/nt/bin/../lib/gcc/microblaze-xilinx-elf/7.2.0/../../../../microblaze-xilinx-elf/lib/m/le/crt0.o
 .rela.text.netBufferWrite
                0x0001b998        0x0 d:/xilinx/sdk/2018.2/gnu/microblaze/nt/bin/../lib/gcc/microblaze-xilinx-elf/7.2.0/../../../../microblaze-xilinx-elf/lib/m/le/crt0.o
 .rela.text.netBufferRead
                0x0001b998        0x0 d:/xilinx/sdk/2018.2/gnu/microblaze/nt/bin/../lib/gcc/microblaze-xilinx-elf/7.2.0/../../../../microblaze-xilinx-elf/lib/m/le/crt0.o
 .rela.text.nicSendPacket
                0x0001b998        0x0 d:/xilinx/sdk/2018.2/gnu/microblaze/nt/bin/../lib/gcc/microblaze-xilinx-elf/7.2.0/../../../../microblaze-xilinx-elf/lib/m/le/crt0.o
 .rela.text.nicProcessPacket
                0x0001b998        0x0 d:/xilinx/sdk/2018.2/gnu/microblaze/nt/bin/../lib/gcc/microblaze-xilinx-elf/7.2.0/../../../../microblaze-xilinx-elf/lib/m/le/crt0.o
 .rela.text.nicNotifyLinkChange
                0x0001b998        0x0 d:/xilinx/sdk/2018.2/gnu/microblaze/nt/bin/../lib/gcc/microblaze-xilinx-elf/7.2.0/../../../../microblaze-xilinx-elf/lib/m/le/crt0.o
 .rela.text.socketInit
                0x0001b998        0x0 d:/xilinx/sdk/2018.2/gnu/microblaze/nt/bin/../lib/gcc/microblaze-xilinx-elf/7.2.0/../../../../microblaze-xilinx-elf/lib/m/le/crt0.o
 .rela.text.socketOpen
                0x0001b998        0x0 d:/xilinx/sdk/2018.2/gnu/microblaze/nt/bin/../lib/gcc/microblaze-xilinx-elf/7.2.0/../../../../microblaze-xilinx-elf/lib/m/le/crt0.o
 .rela.text.socketSetTimeout
                0x0001b998        0x0 d:/xilinx/sdk/2018.2/gnu/microblaze/nt/bin/../lib/gcc/microblaze-xilinx-elf/7.2.0/../../../../microblaze-xilinx-elf/lib/m/le/crt0.o
 .rela.text.socketSendTo
                0x0001b998        0x0 d:/xilinx/sdk/2018.2/gnu/microblaze/nt/bin/../lib/gcc/microblaze-xilinx-elf/7.2.0/../../../../microblaze-xilinx-elf/lib/m/le/crt0.o
 .rela.text.socketReceiveEx
                0x0001b998        0x0 d:/xilinx/sdk/2018.2/gnu/microblaze/nt/bin/../lib/gcc/microblaze-xilinx-elf/7.2.0/../../../../microblaze-xilinx-elf/lib/m/le/crt0.o
 .rela.text.socketClose
                0x0001b998        0x0 d:/xilinx/sdk/2018.2/gnu/microblaze/nt/bin/../lib/gcc/microblaze-xilinx-elf/7.2.0/../../../../microblaze-xilinx-elf/lib/m/le/crt0.o
 .rela.text.socketRegisterEvents
                0x0001b998        0x0 d:/xilinx/sdk/2018.2/gnu/microblaze/nt/bin/../lib/gcc/microblaze-xilinx-elf/7.2.0/../../../../microblaze-xilinx-elf/lib/m/le/crt0.o
 .rela.text.socketUnregisterEvents
                0x0001b998        0x0 d:/xilinx/sdk/2018.2/gnu/microblaze/nt/bin/../lib/gcc/microblaze-xilinx-elf/7.2.0/../../../../microblaze-xilinx-elf/lib/m/le/crt0.o
 .rela.text.socketGetEvents
                0x0001b998        0x0 d:/xilinx/sdk/2018.2/gnu/microblaze/nt/bin/../lib/gcc/microblaze-xilinx-elf/7.2.0/../../../../microblaze-xilinx-elf/lib/m/le/crt0.o
 .rela.text.socketPoll
                0x0001b998        0x0 d:/xilinx/sdk/2018.2/gnu/microblaze/nt/bin/../lib/gcc/microblaze-xilinx-elf/7.2.0/../../../../microblaze-xilinx-elf/lib/m/le/crt0.o
 .rela.text.udpInit
                0x0001b998        0x0 d:/xilinx/sdk/2018.2/gnu/microblaze/nt/bin/../lib/gcc/microblaze-xilinx-elf/7.2.0/../../../../microblaze-xilinx-elf/lib/m/le/crt0.o
 .rela.text.udpSendDatagramEx
                0x0001b998        0x0 d:/xilinx/sdk/2018.2/gnu/microblaze/nt/bin/../lib/gcc/microblaze-xilinx-elf/7.2.0/../../../../microblaze-xilinx-elf/lib/m/le/crt0.o
 .rela.text.udpSendDatagram
                0x0001b998        0x0 d:/xilinx/sdk/2018.2/gnu/microblaze/nt/bin/../lib/gcc/microblaze-xilinx-elf/7.2.0/../../../../microblaze-xilinx-elf/lib/m/le/crt0.o
 .rela.text.udpUpdateEvents
                0x0001b998        0x0 d:/xilinx/sdk/2018.2/gnu/microblaze/nt/bin/../lib/gcc/microblaze-xilinx-elf/7.2.0/../../../../microblaze-xilinx-elf/lib/m/le/crt0.o
 .rela.text.udpReceiveDatagram
                0x0001b998        0x0 d:/xilinx/sdk/2018.2/gnu/microblaze/nt/bin/../lib/gcc/microblaze-xilinx-elf/7.2.0/../../../../microblaze-xilinx-elf/lib/m/le/crt0.o
 .rela.text.udpAttachRxCallback
                0x0001b998        0x0 d:/xilinx/sdk/2018.2/gnu/microblaze/nt/bin/../lib/gcc/microblaze-xilinx-elf/7.2.0/../../../../microblaze-xilinx-elf/lib/m/le/crt0.o
 .rela.text.udpDetachRxCallback
                0x0001b998        0x0 d:/xilinx/sdk/2018.2/gnu/microblaze/nt/bin/../lib/gcc/microblaze-xilinx-elf/7.2.0/../../../../microblaze-xilinx-elf/lib/m/le/crt0.o
 .rela.text.udpInvokeRxCallback
                0x0001b998        0x0 d:/xilinx/sdk/2018.2/gnu/microblaze/nt/bin/../lib/gcc/microblaze-xilinx-elf/7.2.0/../../../../microblaze-xilinx-elf/lib/m/le/crt0.o
 .rela.text.udpProcessDatagram
                0x0001b998        0x0 d:/xilinx/sdk/2018.2/gnu/microblaze/nt/bin/../lib/gcc/microblaze-xilinx-elf/7.2.0/../../../../microblaze-xilinx-elf/lib/m/le/crt0.o
 .rela.text._Z15extIntEnableIrqv
                0x0001b998        0x0 d:/xilinx/sdk/2018.2/gnu/microblaze/nt/bin/../lib/gcc/microblaze-xilinx-elf/7.2.0/../../../../microblaze-xilinx-elf/lib/m/le/crt0.o
 .rela.text._Z16extIntDisableIrqv
                0x0001b998        0x0 d:/xilinx/sdk/2018.2/gnu/microblaze/nt/bin/../lib/gcc/microblaze-xilinx-elf/7.2.0/../../../../microblaze-xilinx-elf/lib/m/le/crt0.o
 .rela.text._Z15ENC_Int_HandlerPv
                0x0001b998        0x0 d:/xilinx/sdk/2018.2/gnu/microblaze/nt/bin/../lib/gcc/microblaze-xilinx-elf/7.2.0/../../../../microblaze-xilinx-elf/lib/m/le/crt0.o
 .rela.text._Z21MyIP_InterruptHandlerPv
                0x0001b998        0x0 d:/xilinx/sdk/2018.2/gnu/microblaze/nt/bin/../lib/gcc/microblaze-xilinx-elf/7.2.0/../../../../microblaze-xilinx-elf/lib/m/le/crt0.o
 .rela.text._Z10systemInitv
                0x0001b998        0x0 d:/xilinx/sdk/2018.2/gnu/microblaze/nt/bin/../lib/gcc/microblaze-xilinx-elf/7.2.0/../../../../microblaze-xilinx-elf/lib/m/le/crt0.o
 .rela.text._Z20SetupInterruptSystemv
                0x0001b998        0x0 d:/xilinx/sdk/2018.2/gnu/microblaze/nt/bin/../lib/gcc/microblaze-xilinx-elf/7.2.0/../../../../microblaze-xilinx-elf/lib/m/le/crt0.o
 .rela.text._Z9blinkTaskv
                0x0001b998        0x0 d:/xilinx/sdk/2018.2/gnu/microblaze/nt/bin/../lib/gcc/microblaze-xilinx-elf/7.2.0/../../../../microblaze-xilinx-elf/lib/m/le/crt0.o
 .rela.text._Z8uartInitv
                0x0001b998        0x0 d:/xilinx/sdk/2018.2/gnu/microblaze/nt/bin/../lib/gcc/microblaze-xilinx-elf/7.2.0/../../../../microblaze-xilinx-elf/lib/m/le/crt0.o
 .rela.text._Z8uartTaskv
                0x0001b998        0x0 d:/xilinx/sdk/2018.2/gnu/microblaze/nt/bin/../lib/gcc/microblaze-xilinx-elf/7.2.0/../../../../microblaze-xilinx-elf/lib/m/le/crt0.o
 .rela.text.startup.main
                0x0001b998        0x0 d:/xilinx/sdk/2018.2/gnu/microblaze/nt/bin/../lib/gcc/microblaze-xilinx-elf/7.2.0/../../../../microblaze-xilinx-elf/lib/m/le/crt0.o
 .rela.text._Z7spiInitv
                0x0001b998        0x0 d:/xilinx/sdk/2018.2/gnu/microblaze/nt/bin/../lib/gcc/microblaze-xilinx-elf/7.2.0/../../../../microblaze-xilinx-elf/lib/m/le/crt0.o
 .rela.text.formatSystemTime
                0x0001b998        0x0 d:/xilinx/sdk/2018.2/gnu/microblaze/nt/bin/../lib/gcc/microblaze-xilinx-elf/7.2.0/../../../../microblaze-xilinx-elf/lib/m/le/crt0.o
 .rela.text.formatDate
                0x0001b998        0x0 d:/xilinx/sdk/2018.2/gnu/microblaze/nt/bin/../lib/gcc/microblaze-xilinx-elf/7.2.0/../../../../microblaze-xilinx-elf/lib/m/le/crt0.o
 .rela.text.osAllocMem
                0x0001b998        0x0 d:/xilinx/sdk/2018.2/gnu/microblaze/nt/bin/../lib/gcc/microblaze-xilinx-elf/7.2.0/../../../../microblaze-xilinx-elf/lib/m/le/crt0.o
 .rela.text.osFreeMem
                0x0001b998        0x0 d:/xilinx/sdk/2018.2/gnu/microblaze/nt/bin/../lib/gcc/microblaze-xilinx-elf/7.2.0/../../../../microblaze-xilinx-elf/lib/m/le/crt0.o
 .rela.text.XGpio_CfgInitialize
                0x0001b998        0x0 d:/xilinx/sdk/2018.2/gnu/microblaze/nt/bin/../lib/gcc/microblaze-xilinx-elf/7.2.0/../../../../microblaze-xilinx-elf/lib/m/le/crt0.o
 .rela.text.XGpio_SetDataDirection
                0x0001b998        0x0 d:/xilinx/sdk/2018.2/gnu/microblaze/nt/bin/../lib/gcc/microblaze-xilinx-elf/7.2.0/../../../../microblaze-xilinx-elf/lib/m/le/crt0.o
 .rela.text.XGpio_GetDataDirection
                0x0001b998        0x0 d:/xilinx/sdk/2018.2/gnu/microblaze/nt/bin/../lib/gcc/microblaze-xilinx-elf/7.2.0/../../../../microblaze-xilinx-elf/lib/m/le/crt0.o
 .rela.text.XGpio_DiscreteRead
                0x0001b998        0x0 d:/xilinx/sdk/2018.2/gnu/microblaze/nt/bin/../lib/gcc/microblaze-xilinx-elf/7.2.0/../../../../microblaze-xilinx-elf/lib/m/le/crt0.o
 .rela.text.XGpio_DiscreteWrite
                0x0001b998        0x0 d:/xilinx/sdk/2018.2/gnu/microblaze/nt/bin/../lib/gcc/microblaze-xilinx-elf/7.2.0/../../../../microblaze-xilinx-elf/lib/m/le/crt0.o
 .rela.text.XGpio_LookupConfig
                0x0001b998        0x0 d:/xilinx/sdk/2018.2/gnu/microblaze/nt/bin/../lib/gcc/microblaze-xilinx-elf/7.2.0/../../../../microblaze-xilinx-elf/lib/m/le/crt0.o
 .rela.text.XGpio_Initialize
                0x0001b998        0x0 d:/xilinx/sdk/2018.2/gnu/microblaze/nt/bin/../lib/gcc/microblaze-xilinx-elf/7.2.0/../../../../microblaze-xilinx-elf/lib/m/le/crt0.o
 .rela.text.StubHandler
                0x0001b998        0x0 d:/xilinx/sdk/2018.2/gnu/microblaze/nt/bin/../lib/gcc/microblaze-xilinx-elf/7.2.0/../../../../microblaze-xilinx-elf/lib/m/le/crt0.o
 .rela.text.XIntc_Initialize
                0x0001b998        0x0 d:/xilinx/sdk/2018.2/gnu/microblaze/nt/bin/../lib/gcc/microblaze-xilinx-elf/7.2.0/../../../../microblaze-xilinx-elf/lib/m/le/crt0.o
 .rela.text.XIntc_Start
                0x0001b998        0x0 d:/xilinx/sdk/2018.2/gnu/microblaze/nt/bin/../lib/gcc/microblaze-xilinx-elf/7.2.0/../../../../microblaze-xilinx-elf/lib/m/le/crt0.o
 .rela.text.XIntc_Stop
                0x0001b998        0x0 d:/xilinx/sdk/2018.2/gnu/microblaze/nt/bin/../lib/gcc/microblaze-xilinx-elf/7.2.0/../../../../microblaze-xilinx-elf/lib/m/le/crt0.o
 .rela.text.XIntc_Connect
                0x0001b998        0x0 d:/xilinx/sdk/2018.2/gnu/microblaze/nt/bin/../lib/gcc/microblaze-xilinx-elf/7.2.0/../../../../microblaze-xilinx-elf/lib/m/le/crt0.o
 .rela.text.XIntc_Disconnect
                0x0001b998        0x0 d:/xilinx/sdk/2018.2/gnu/microblaze/nt/bin/../lib/gcc/microblaze-xilinx-elf/7.2.0/../../../../microblaze-xilinx-elf/lib/m/le/crt0.o
 .rela.text.XIntc_Enable
                0x0001b998        0x0 d:/xilinx/sdk/2018.2/gnu/microblaze/nt/bin/../lib/gcc/microblaze-xilinx-elf/7.2.0/../../../../microblaze-xilinx-elf/lib/m/le/crt0.o
 .rela.text.XIntc_Disable
                0x0001b998        0x0 d:/xilinx/sdk/2018.2/gnu/microblaze/nt/bin/../lib/gcc/microblaze-xilinx-elf/7.2.0/../../../../microblaze-xilinx-elf/lib/m/le/crt0.o
 .rela.text.XIntc_Acknowledge
                0x0001b998        0x0 d:/xilinx/sdk/2018.2/gnu/microblaze/nt/bin/../lib/gcc/microblaze-xilinx-elf/7.2.0/../../../../microblaze-xilinx-elf/lib/m/le/crt0.o
 .rela.text.XIntc_LookupConfig
                0x0001b998        0x0 d:/xilinx/sdk/2018.2/gnu/microblaze/nt/bin/../lib/gcc/microblaze-xilinx-elf/7.2.0/../../../../microblaze-xilinx-elf/lib/m/le/crt0.o
 .rela.text.XIntc_ConnectFastHandler
                0x0001b998        0x0 d:/xilinx/sdk/2018.2/gnu/microblaze/nt/bin/../lib/gcc/microblaze-xilinx-elf/7.2.0/../../../../microblaze-xilinx-elf/lib/m/le/crt0.o
 .rela.text.XIntc_SetNormalIntrMode
                0x0001b998        0x0 d:/xilinx/sdk/2018.2/gnu/microblaze/nt/bin/../lib/gcc/microblaze-xilinx-elf/7.2.0/../../../../microblaze-xilinx-elf/lib/m/le/crt0.o
 .rela.data.XIntc_ConfigTable
                0x0001b998        0x0 d:/xilinx/sdk/2018.2/gnu/microblaze/nt/bin/../lib/gcc/microblaze-xilinx-elf/7.2.0/../../../../microblaze-xilinx-elf/lib/m/le/crt0.o
 .rela.text.XIntc_VoidInterruptHandler
                0x0001b998        0x0 d:/xilinx/sdk/2018.2/gnu/microblaze/nt/bin/../lib/gcc/microblaze-xilinx-elf/7.2.0/../../../../microblaze-xilinx-elf/lib/m/le/crt0.o
 .rela.text.XIntc_InterruptHandler
                0x0001b998        0x0 d:/xilinx/sdk/2018.2/gnu/microblaze/nt/bin/../lib/gcc/microblaze-xilinx-elf/7.2.0/../../../../microblaze-xilinx-elf/lib/m/le/crt0.o
 .rela.text.XIntc_RegisterFastHandler
                0x0001b998        0x0 d:/xilinx/sdk/2018.2/gnu/microblaze/nt/bin/../lib/gcc/microblaze-xilinx-elf/7.2.0/../../../../microblaze-xilinx-elf/lib/m/le/crt0.o
 .rela.text.StubStatusHandler
                0x0001b998        0x0 d:/xilinx/sdk/2018.2/gnu/microblaze/nt/bin/../lib/gcc/microblaze-xilinx-elf/7.2.0/../../../../microblaze-xilinx-elf/lib/m/le/crt0.o
 .rela.text.XSpi_Start
                0x0001b998        0x0 d:/xilinx/sdk/2018.2/gnu/microblaze/nt/bin/../lib/gcc/microblaze-xilinx-elf/7.2.0/../../../../microblaze-xilinx-elf/lib/m/le/crt0.o
 .rela.text.XSpi_Stop
                0x0001b998        0x0 d:/xilinx/sdk/2018.2/gnu/microblaze/nt/bin/../lib/gcc/microblaze-xilinx-elf/7.2.0/../../../../microblaze-xilinx-elf/lib/m/le/crt0.o
 .rela.text.XSpi_Reset
                0x0001b998        0x0 d:/xilinx/sdk/2018.2/gnu/microblaze/nt/bin/../lib/gcc/microblaze-xilinx-elf/7.2.0/../../../../microblaze-xilinx-elf/lib/m/le/crt0.o
 .rela.text.XSpi_CfgInitialize
                0x0001b998        0x0 d:/xilinx/sdk/2018.2/gnu/microblaze/nt/bin/../lib/gcc/microblaze-xilinx-elf/7.2.0/../../../../microblaze-xilinx-elf/lib/m/le/crt0.o
 .rela.text.XSpi_Transfer
                0x0001b998        0x0 d:/xilinx/sdk/2018.2/gnu/microblaze/nt/bin/../lib/gcc/microblaze-xilinx-elf/7.2.0/../../../../microblaze-xilinx-elf/lib/m/le/crt0.o
 .rela.text.XSpi_SetSlaveSelect
                0x0001b998        0x0 d:/xilinx/sdk/2018.2/gnu/microblaze/nt/bin/../lib/gcc/microblaze-xilinx-elf/7.2.0/../../../../microblaze-xilinx-elf/lib/m/le/crt0.o
 .rela.text.XSpi_GetSlaveSelect
                0x0001b998        0x0 d:/xilinx/sdk/2018.2/gnu/microblaze/nt/bin/../lib/gcc/microblaze-xilinx-elf/7.2.0/../../../../microblaze-xilinx-elf/lib/m/le/crt0.o
 .rela.text.XSpi_SetStatusHandler
                0x0001b998        0x0 d:/xilinx/sdk/2018.2/gnu/microblaze/nt/bin/../lib/gcc/microblaze-xilinx-elf/7.2.0/../../../../microblaze-xilinx-elf/lib/m/le/crt0.o
 .rela.text.XSpi_InterruptHandler
                0x0001b998        0x0 d:/xilinx/sdk/2018.2/gnu/microblaze/nt/bin/../lib/gcc/microblaze-xilinx-elf/7.2.0/../../../../microblaze-xilinx-elf/lib/m/le/crt0.o
 .rela.text.XSpi_LookupConfig
                0x0001b998        0x0 d:/xilinx/sdk/2018.2/gnu/microblaze/nt/bin/../lib/gcc/microblaze-xilinx-elf/7.2.0/../../../../microblaze-xilinx-elf/lib/m/le/crt0.o
 .rela.text.XSpi_Initialize
                0x0001b998        0x0 d:/xilinx/sdk/2018.2/gnu/microblaze/nt/bin/../lib/gcc/microblaze-xilinx-elf/7.2.0/../../../../microblaze-xilinx-elf/lib/m/le/crt0.o
 .rela.data     0x0001b998        0x0 d:/xilinx/sdk/2018.2/gnu/microblaze/nt/bin/../lib/gcc/microblaze-xilinx-elf/7.2.0/../../../../microblaze-xilinx-elf/lib/m/le/crt0.o
 .rela.text.__interrupt_handler
                0x0001b998        0x0 d:/xilinx/sdk/2018.2/gnu/microblaze/nt/bin/../lib/gcc/microblaze-xilinx-elf/7.2.0/../../../../microblaze-xilinx-elf/lib/m/le/crt0.o
 .rela.text.microblaze_register_handler
                0x0001b998        0x0 d:/xilinx/sdk/2018.2/gnu/microblaze/nt/bin/../lib/gcc/microblaze-xilinx-elf/7.2.0/../../../../microblaze-xilinx-elf/lib/m/le/crt0.o
 .rela.text.outbyte
                0x0001b998        0x0 d:/xilinx/sdk/2018.2/gnu/microblaze/nt/bin/../lib/gcc/microblaze-xilinx-elf/7.2.0/../../../../microblaze-xilinx-elf/lib/m/le/crt0.o
 .rela.text.Xil_ExceptionEnable
                0x0001b998        0x0 d:/xilinx/sdk/2018.2/gnu/microblaze/nt/bin/../lib/gcc/microblaze-xilinx-elf/7.2.0/../../../../microblaze-xilinx-elf/lib/m/le/crt0.o
 .rela.text.Xil_ExceptionDisable
                0x0001b998        0x0 d:/xilinx/sdk/2018.2/gnu/microblaze/nt/bin/../lib/gcc/microblaze-xilinx-elf/7.2.0/../../../../microblaze-xilinx-elf/lib/m/le/crt0.o
 .rela.text.getnum
                0x0001b998        0x0 d:/xilinx/sdk/2018.2/gnu/microblaze/nt/bin/../lib/gcc/microblaze-xilinx-elf/7.2.0/../../../../microblaze-xilinx-elf/lib/m/le/crt0.o
 .rela.text.outnum
                0x0001b998        0x0 d:/xilinx/sdk/2018.2/gnu/microblaze/nt/bin/../lib/gcc/microblaze-xilinx-elf/7.2.0/../../../../microblaze-xilinx-elf/lib/m/le/crt0.o
 .rela.text.xil_printf
                0x0001b998        0x0 d:/xilinx/sdk/2018.2/gnu/microblaze/nt/bin/../lib/gcc/microblaze-xilinx-elf/7.2.0/../../../../microblaze-xilinx-elf/lib/m/le/crt0.o
 .rela.text.XUartLite_CfgInitialize
                0x0001b998        0x0 d:/xilinx/sdk/2018.2/gnu/microblaze/nt/bin/../lib/gcc/microblaze-xilinx-elf/7.2.0/../../../../microblaze-xilinx-elf/lib/m/le/crt0.o
 .rela.text.XUartLite_ResetFifos
                0x0001b998        0x0 d:/xilinx/sdk/2018.2/gnu/microblaze/nt/bin/../lib/gcc/microblaze-xilinx-elf/7.2.0/../../../../microblaze-xilinx-elf/lib/m/le/crt0.o
 .rela.text.XUartLite_IsSending
                0x0001b998        0x0 d:/xilinx/sdk/2018.2/gnu/microblaze/nt/bin/../lib/gcc/microblaze-xilinx-elf/7.2.0/../../../../microblaze-xilinx-elf/lib/m/le/crt0.o
 .rela.text.XUartLite_Send
                0x0001b998        0x0 d:/xilinx/sdk/2018.2/gnu/microblaze/nt/bin/../lib/gcc/microblaze-xilinx-elf/7.2.0/../../../../microblaze-xilinx-elf/lib/m/le/crt0.o
 .rela.text.XUartLite_Recv
                0x0001b998        0x0 d:/xilinx/sdk/2018.2/gnu/microblaze/nt/bin/../lib/gcc/microblaze-xilinx-elf/7.2.0/../../../../microblaze-xilinx-elf/lib/m/le/crt0.o
 .rela.text.XUartLite_SelfTest
                0x0001b998        0x0 d:/xilinx/sdk/2018.2/gnu/microblaze/nt/bin/../lib/gcc/microblaze-xilinx-elf/7.2.0/../../../../microblaze-xilinx-elf/lib/m/le/crt0.o
 .rela.text.XUartLite_LookupConfig
                0x0001b998        0x0 d:/xilinx/sdk/2018.2/gnu/microblaze/nt/bin/../lib/gcc/microblaze-xilinx-elf/7.2.0/../../../../microblaze-xilinx-elf/lib/m/le/crt0.o
 .rela.text.XUartLite_Initialize
                0x0001b998        0x0 d:/xilinx/sdk/2018.2/gnu/microblaze/nt/bin/../lib/gcc/microblaze-xilinx-elf/7.2.0/../../../../microblaze-xilinx-elf/lib/m/le/crt0.o
 .rela.text.XUartLite_GetStats
                0x0001b998        0x0 d:/xilinx/sdk/2018.2/gnu/microblaze/nt/bin/../lib/gcc/microblaze-xilinx-elf/7.2.0/../../../../microblaze-xilinx-elf/lib/m/le/crt0.o
 .rela.text.XUartLite_ClearStats
                0x0001b998        0x0 d:/xilinx/sdk/2018.2/gnu/microblaze/nt/bin/../lib/gcc/microblaze-xilinx-elf/7.2.0/../../../../microblaze-xilinx-elf/lib/m/le/crt0.o

.sdata2         0x0001b998        0x0
                0x0001b998                . = ALIGN (0x8)
                0x0001b998                __sdata2_start = .
 *(.sdata2)
 *(.sdata2.*)
 *(.gnu.linkonce.s2.*)
                0x0001b998                . = ALIGN (0x8)
                0x0001b998                __sdata2_end = .

.sbss2          0x0001b998        0x0
                0x0001b998                __sbss2_start = .
 *(.sbss2)
 *(.sbss2.*)
 *(.gnu.linkonce.sb2.*)
                0x0001b998                __sbss2_end = .

.data           0x0001b998      0x640
                0x0001b998                . = ALIGN (0x4)
                0x0001b998                __data_start = .
 *(.data)
 .data          0x0001b998       0x44 C:\ZYBO\Work-2018.2\APP6-GE\S4e-APP6-Vivado_Etudiant\APP6\APP6.sdk\standalone_bsp_0\microblaze_0\lib\libxil.a(hw_exception_handler.o)
                0x0001b99c                MB_ExceptionVectorTable
 .data          0x0001b9dc        0x4 C:\ZYBO\Work-2018.2\APP6-GE\S4e-APP6-Vivado_Etudiant\APP6\APP6.sdk\standalone_bsp_0\microblaze_0\lib\libc.a(lib_a-ctype_.o)
                0x0001b9dc                __ctype_ptr__
 .data          0x0001b9e0       0xf4 C:\ZYBO\Work-2018.2\APP6-GE\S4e-APP6-Vivado_Etudiant\APP6\APP6.sdk\standalone_bsp_0\microblaze_0\lib\libc.a(lib_a-impure.o)
                0x0001bad0                _impure_ptr
 .data          0x0001bad4      0x410 C:\ZYBO\Work-2018.2\APP6-GE\S4e-APP6-Vivado_Etudiant\APP6\APP6.sdk\standalone_bsp_0\microblaze_0\lib\libc.a(lib_a-mallocr.o)
                0x0001bad4                __malloc_av_
                0x0001bedc                __malloc_trim_threshold
                0x0001bee0                __malloc_sbrk_base
 .data          0x0001bee4       0x7c C:\ZYBO\Work-2018.2\APP6-GE\S4e-APP6-Vivado_Etudiant\APP6\APP6.sdk\standalone_bsp_0\microblaze_0\lib\libc.a(lib_a-locale.o)
                0x0001bee4                __mb_cur_max
 *(.data.*)